Archive member included to satisfy reference by file (symbol)

/Applications/STM32CubeIDE.app/Contents/Eclipse/plugins/com.st.stm32cube.ide.mcu.externaltools.gnu-tools-for-stm32.9-2020-q2-update.macos64_1.5.0.202011040924/tools/bin/../lib/gcc/arm-none-eabi/9.3.1/../../../../arm-none-eabi/lib/thumb/v7-m/nofp/libstdc++_nano.a(new_op.o)
                              Core/Src/main.o (operator new(unsigned int))
/Applications/STM32CubeIDE.app/Contents/Eclipse/plugins/com.st.stm32cube.ide.mcu.externaltools.gnu-tools-for-stm32.9-2020-q2-update.macos64_1.5.0.202011040924/tools/bin/../lib/gcc/arm-none-eabi/9.3.1/../../../../arm-none-eabi/lib/thumb/v7-m/nofp/libstdc++_nano.a(new_opv.o)
                              Core/Src/CRC32.o (operator new[](unsigned int))
/Applications/STM32CubeIDE.app/Contents/Eclipse/plugins/com.st.stm32cube.ide.mcu.externaltools.gnu-tools-for-stm32.9-2020-q2-update.macos64_1.5.0.202011040924/tools/bin/../lib/gcc/arm-none-eabi/9.3.1/../../../../arm-none-eabi/lib/thumb/v7-m/nofp/libstdc++_nano.a(new_handler.o)
                              /Applications/STM32CubeIDE.app/Contents/Eclipse/plugins/com.st.stm32cube.ide.mcu.externaltools.gnu-tools-for-stm32.9-2020-q2-update.macos64_1.5.0.202011040924/tools/bin/../lib/gcc/arm-none-eabi/9.3.1/../../../../arm-none-eabi/lib/thumb/v7-m/nofp/libstdc++_nano.a(new_op.o) (std::get_new_handler())
/Applications/STM32CubeIDE.app/Contents/Eclipse/plugins/com.st.stm32cube.ide.mcu.externaltools.gnu-tools-for-stm32.9-2020-q2-update.macos64_1.5.0.202011040924/tools/bin/../lib/gcc/arm-none-eabi/9.3.1/../../../../arm-none-eabi/lib/thumb/v7-m/nofp/libc_nano.a(lib_a-abort.o)
                              /Applications/STM32CubeIDE.app/Contents/Eclipse/plugins/com.st.stm32cube.ide.mcu.externaltools.gnu-tools-for-stm32.9-2020-q2-update.macos64_1.5.0.202011040924/tools/bin/../lib/gcc/arm-none-eabi/9.3.1/../../../../arm-none-eabi/lib/thumb/v7-m/nofp/libstdc++_nano.a(new_op.o) (abort)
/Applications/STM32CubeIDE.app/Contents/Eclipse/plugins/com.st.stm32cube.ide.mcu.externaltools.gnu-tools-for-stm32.9-2020-q2-update.macos64_1.5.0.202011040924/tools/bin/../lib/gcc/arm-none-eabi/9.3.1/../../../../arm-none-eabi/lib/thumb/v7-m/nofp/libc_nano.a(lib_a-errno.o)
                              Core/Src/syscalls.o (__errno)
/Applications/STM32CubeIDE.app/Contents/Eclipse/plugins/com.st.stm32cube.ide.mcu.externaltools.gnu-tools-for-stm32.9-2020-q2-update.macos64_1.5.0.202011040924/tools/bin/../lib/gcc/arm-none-eabi/9.3.1/../../../../arm-none-eabi/lib/thumb/v7-m/nofp/libc_nano.a(lib_a-exit.o)
                              /Applications/STM32CubeIDE.app/Contents/Eclipse/plugins/com.st.stm32cube.ide.mcu.externaltools.gnu-tools-for-stm32.9-2020-q2-update.macos64_1.5.0.202011040924/tools/bin/../lib/gcc/arm-none-eabi/9.3.1/../../../../arm-none-eabi/lib/thumb/v7-m/nofp/crt0.o (exit)
/Applications/STM32CubeIDE.app/Contents/Eclipse/plugins/com.st.stm32cube.ide.mcu.externaltools.gnu-tools-for-stm32.9-2020-q2-update.macos64_1.5.0.202011040924/tools/bin/../lib/gcc/arm-none-eabi/9.3.1/../../../../arm-none-eabi/lib/thumb/v7-m/nofp/libc_nano.a(lib_a-impure.o)
                              /Applications/STM32CubeIDE.app/Contents/Eclipse/plugins/com.st.stm32cube.ide.mcu.externaltools.gnu-tools-for-stm32.9-2020-q2-update.macos64_1.5.0.202011040924/tools/bin/../lib/gcc/arm-none-eabi/9.3.1/../../../../arm-none-eabi/lib/thumb/v7-m/nofp/libc_nano.a(lib_a-exit.o) (_global_impure_ptr)
/Applications/STM32CubeIDE.app/Contents/Eclipse/plugins/com.st.stm32cube.ide.mcu.externaltools.gnu-tools-for-stm32.9-2020-q2-update.macos64_1.5.0.202011040924/tools/bin/../lib/gcc/arm-none-eabi/9.3.1/../../../../arm-none-eabi/lib/thumb/v7-m/nofp/libc_nano.a(lib_a-init.o)
                              /Applications/STM32CubeIDE.app/Contents/Eclipse/plugins/com.st.stm32cube.ide.mcu.externaltools.gnu-tools-for-stm32.9-2020-q2-update.macos64_1.5.0.202011040924/tools/bin/../lib/gcc/arm-none-eabi/9.3.1/../../../../arm-none-eabi/lib/thumb/v7-m/nofp/crt0.o (__libc_init_array)
/Applications/STM32CubeIDE.app/Contents/Eclipse/plugins/com.st.stm32cube.ide.mcu.externaltools.gnu-tools-for-stm32.9-2020-q2-update.macos64_1.5.0.202011040924/tools/bin/../lib/gcc/arm-none-eabi/9.3.1/../../../../arm-none-eabi/lib/thumb/v7-m/nofp/libc_nano.a(lib_a-malloc.o)
                              /Applications/STM32CubeIDE.app/Contents/Eclipse/plugins/com.st.stm32cube.ide.mcu.externaltools.gnu-tools-for-stm32.9-2020-q2-update.macos64_1.5.0.202011040924/tools/bin/../lib/gcc/arm-none-eabi/9.3.1/../../../../arm-none-eabi/lib/thumb/v7-m/nofp/libstdc++_nano.a(new_op.o) (malloc)
/Applications/STM32CubeIDE.app/Contents/Eclipse/plugins/com.st.stm32cube.ide.mcu.externaltools.gnu-tools-for-stm32.9-2020-q2-update.macos64_1.5.0.202011040924/tools/bin/../lib/gcc/arm-none-eabi/9.3.1/../../../../arm-none-eabi/lib/thumb/v7-m/nofp/libc_nano.a(lib_a-memset.o)
[...]
Memory Configuration

Name             Origin             Length             Attributes
RAM              0x0000000020000000 0x0000000000005000 xrw
FLASH            0x0000000008000000 0x0000000000020000 xr
*default*        0x0000000000000000 0xffffffffffffffff

Linker script and memory map

LOAD /Applications/STM32CubeIDE.app/Contents/Eclipse/plugins/com.st.stm32cube.ide.mcu.externaltools.gnu-tools-for-stm32.9-2020-q2-update.macos64_1.5.0.202011040924/tools/bin/../lib/gcc/arm-none-eabi/9.3.1/thumb/v7-m/nofp/crti.o
LOAD /Applications/STM32CubeIDE.app/Contents/Eclipse/plugins/com.st.stm32cube.ide.mcu.externaltools.gnu-tools-for-stm32.9-2020-q2-update.macos64_1.5.0.202011040924/tools/bin/../lib/gcc/arm-none-eabi/9.3.1/thumb/v7-m/nofp/crtbegin.o
LOAD /Applications/STM32CubeIDE.app/Contents/Eclipse/plugins/com.st.stm32cube.ide.mcu.externaltools.gnu-tools-for-stm32.9-2020-q2-update.macos64_1.5.0.202011040924/tools/bin/../lib/gcc/arm-none-eabi/9.3.1/../../../../arm-none-eabi/lib/thumb/v7-m/nofp/crt0.o
LOAD Core/Src/CRC32.o
LOAD Core/Src/dma.o
LOAD Core/Src/gpio.o
LOAD Core/Src/main.o
LOAD Core/Src/stm32f1xx_hal_msp.o
LOAD Core/Src/stm32f1xx_it.o
LOAD Core/Src/syscalls.o
LOAD Core/Src/sysmem.o
LOAD Core/Src/system_stm32f1xx.o
LOAD Core/Src/usart.o
LOAD Core/Startup/startup_stm32f103rbtx.o
LOAD Drivers/STM32F1xx_HAL_Driver/Src/stm32f1xx_hal.o
LOAD Drivers/STM32F1xx_HAL_Driver/Src/stm32f1xx_hal_cortex.o
LOAD Drivers/STM32F1xx_HAL_Driver/Src/stm32f1xx_hal_dma.o
LOAD Drivers/STM32F1xx_HAL_Driver/Src/stm32f1xx_hal_exti.o
LOAD Drivers/STM32F1xx_HAL_Driver/Src/stm32f1xx_hal_flash.o
LOAD Drivers/STM32F1xx_HAL_Driver/Src/stm32f1xx_hal_flash_ex.o
LOAD Drivers/STM32F1xx_HAL_Driver/Src/stm32f1xx_hal_gpio.o
LOAD Drivers/STM32F1xx_HAL_Driver/Src/stm32f1xx_hal_gpio_ex.o
LOAD Drivers/STM32F1xx_HAL_Driver/Src/stm32f1xx_hal_pwr.o
LOAD Drivers/STM32F1xx_HAL_Driver/Src/stm32f1xx_hal_rcc.o
LOAD Drivers/STM32F1xx_HAL_Driver/Src/stm32f1xx_hal_rcc_ex.o
LOAD Drivers/STM32F1xx_HAL_Driver/Src/stm32f1xx_hal_tim.o
LOAD Drivers/STM32F1xx_HAL_Driver/Src/stm32f1xx_hal_tim_ex.o
LOAD Drivers/STM32F1xx_HAL_Driver/Src/stm32f1xx_hal_uart.o
START GROUP
LOAD /Applications/STM32CubeIDE.app/Contents/Eclipse/plugins/com.st.stm32cube.ide.mcu.externaltools.gnu-tools-for-stm32.9-2020-q2-update.macos64_1.5.0.202011040924/tools/bin/../lib/gcc/arm-none-eabi/9.3.1/../../../../arm-none-eabi/lib/thumb/v7-m/nofp/libstdc++_nano.a
LOAD /Applications/STM32CubeIDE.app/Contents/Eclipse/plugins/com.st.stm32cube.ide.mcu.externaltools.gnu-tools-for-stm32.9-2020-q2-update.macos64_1.5.0.202011040924/tools/bin/../lib/gcc/arm-none-eabi/9.3.1/../../../../arm-none-eabi/lib/thumb/v7-m/nofp/libsupc++_nano.a
END GROUP
LOAD /Applications/STM32CubeIDE.app/Contents/Eclipse/plugins/com.st.stm32cube.ide.mcu.externaltools.gnu-tools-for-stm32.9-2020-q2-update.macos64_1.5.0.202011040924/tools/bin/../lib/gcc/arm-none-eabi/9.3.1/../../../../arm-none-eabi/lib/thumb/v7-m/nofp/libstdc++_nano.a
LOAD /Applications/STM32CubeIDE.app/Contents/Eclipse/plugins/com.st.stm32cube.ide.mcu.externaltools.gnu-tools-for-stm32.9-2020-q2-update.macos64_1.5.0.202011040924/tools/bin/../lib/gcc/arm-none-eabi/9.3.1/../../../../arm-none-eabi/lib/thumb/v7-m/nofp/libm.a
LOAD /Applications/STM32CubeIDE.app/Contents/Eclipse/plugins/com.st.stm32cube.ide.mcu.externaltools.gnu-tools-for-stm32.9-2020-q2-update.macos64_1.5.0.202011040924/tools/bin/../lib/gcc/arm-none-eabi/9.3.1/../../../../arm-none-eabi/lib/thumb/v7-m/nofp/libc_nano.a
START GROUP
LOAD /Applications/STM32CubeIDE.app/Contents/Eclipse/plugins/com.st.stm32cube.ide.mcu.externaltools.gnu-tools-for-stm32.9-2020-q2-update.macos64_1.5.0.202011040924/tools/bin/../lib/gcc/arm-none-eabi/9.3.1/thumb/v7-m/nofp/libgcc.a
LOAD /Applications/STM32CubeIDE.app/Contents/Eclipse/plugins/com.st.stm32cube.ide.mcu.externaltools.gnu-tools-for-stm32.9-2020-q2-update.macos64_1.5.0.202011040924/tools/bin/../lib/gcc/arm-none-eabi/9.3.1/../../../../arm-none-eabi/lib/thumb/v7-m/nofp/libc_nano.a
END GROUP
START GROUP
LOAD /Applications/STM32CubeIDE.app/Contents/Eclipse/plugins/com.st.stm32cube.ide.mcu.externaltools.gnu-tools-for-stm32.9-2020-q2-update.macos64_1.5.0.202011040924/tools/bin/../lib/gcc/arm-none-eabi/9.3.1/thumb/v7-m/nofp/libgcc.a
LOAD /Applications/STM32CubeIDE.app/Contents/Eclipse/plugins/com.st.stm32cube.ide.mcu.externaltools.gnu-tools-for-stm32.9-2020-q2-update.macos64_1.5.0.202011040924/tools/bin/../lib/gcc/arm-none-eabi/9.3.1/../../../../arm-none-eabi/lib/thumb/v7-m/nofp/libc_nano.a
END GROUP
LOAD /Applications/STM32CubeIDE.app/Contents/Eclipse/plugins/com.st.stm32cube.ide.mcu.externaltools.gnu-tools-for-stm32.9-2020-q2-update.macos64_1.5.0.202011040924/tools/bin/../lib/gcc/arm-none-eabi/9.3.1/thumb/v7-m/nofp/crtend.o
LOAD /Applications/STM32CubeIDE.app/Contents/Eclipse/plugins/com.st.stm32cube.ide.mcu.externaltools.gnu-tools-for-stm32.9-2020-q2-update.macos64_1.5.0.202011040924/tools/bin/../lib/gcc/arm-none-eabi/9.3.1/thumb/v7-m/nofp/crtn.o
                0x0000000020005000                _estack = (ORIGIN (RAM) + LENGTH (RAM))
                0x0000000000000200                _Min_Heap_Size = 0x200
                0x0000000000000400                _Min_Stack_Size = 0x400

.isr_vector     0x0000000008000000      0x10c
                0x0000000008000000                . = ALIGN (0x4)
 *(.isr_vector)
 .isr_vector    0x0000000008000000      0x10c Core/Startup/startup_stm32f103rbtx.o
                0x0000000008000000                g_pfnVectors
                0x000000000800010c                . = ALIGN (0x4)

.text           0x000000000800010c     0x2b64
                0x000000000800010c                . = ALIGN (0x4)
 *(.text)
 .text          0x000000000800010c       0x40 /Applications/STM32CubeIDE.app/Contents/Eclipse/plugins/com.st.stm32cube.ide.mcu.externaltools.gnu-tools-for-stm32.9-2020-q2-update.macos64_1.5.0.202011040924/tools/bin/../lib/gcc/arm-none-eabi/9.3.1/thumb/v7-m/nofp/crtbegin.o
 *(.text*)
 .text._ZN5CRC3217build_crc32_tableEv
                0x000000000800014c       0x8c Core/Src/CRC32.o
                0x000000000800014c                CRC32::build_crc32_table()
 .text._ZN5CRC32C2ENS_8crc_modeE
                0x00000000080001d8       0x48 Core/Src/CRC32.o
                0x00000000080001d8                CRC32::CRC32(CRC32::crc_mode)
                0x00000000080001d8                CRC32::CRC32(CRC32::crc_mode)
 .text.MX_DMA_Init
                0x0000000008000220       0x6c Core/Src/dma.o
                0x0000000008000220                MX_DMA_Init
 .text.MX_GPIO_Init
                0x000000000800028c       0xdc Core/Src/gpio.o
                0x000000000800028c                MX_GPIO_Init
 .text.HAL_UART_TxCpltCallback
                0x0000000008000368       0x24 Core/Src/main.o
                0x0000000008000368                HAL_UART_TxCpltCallback
 .text.HAL_UART_RxCpltCallback
                0x000000000800038c       0x24 Core/Src/main.o
                0x000000000800038c                HAL_UART_RxCpltCallback
 .text.main     0x00000000080003b0       0x40 Core/Src/main.o
                0x00000000080003b0                main
 .text._Z18SystemClock_Configv
                0x00000000080003f0       0x96 Core/Src/main.o
                0x00000000080003f0                SystemClock_Config()
 .text.Error_Handler
                0x0000000008000486        0xa Core/Src/main.o
                0x0000000008000486                Error_Handler
 .text._Z41__static_initialization_and_destruction_0ii
                0x0000000008000490       0x3c Core/Src/main.o
 .text._GLOBAL__sub_I_rxdata
                0x00000000080004cc       0x10 Core/Src/main.o
 .text.HAL_MspInit
                0x00000000080004dc       0x64 Core/Src/stm32f1xx_hal_msp.o
                0x00000000080004dc                HAL_MspInit
 .text.NMI_Handler
                0x0000000008000540        0x6 Core/Src/stm32f1xx_it.o
                0x0000000008000540                NMI_Handler
 .text.HardFault_Handler
                0x0000000008000546        0x6 Core/Src/stm32f1xx_it.o
                0x0000000008000546                HardFault_Handler
 .text.MemManage_Handler
                0x000000000800054c        0x6 Core/Src/stm32f1xx_it.o
                0x000000000800054c                MemManage_Handler
 .text.BusFault_Handler
                0x0000000008000552        0x6 Core/Src/stm32f1xx_it.o
                0x0000000008000552                BusFault_Handler
 .text.UsageFault_Handler
                0x0000000008000558        0x6 Core/Src/stm32f1xx_it.o
                0x0000000008000558                UsageFault_Handler
 .text.SVC_Handler
                0x000000000800055e        0xc Core/Src/stm32f1xx_it.o
                0x000000000800055e                SVC_Handler
 .text.DebugMon_Handler
                0x000000000800056a        0xc Core/Src/stm32f1xx_it.o
                0x000000000800056a                DebugMon_Handler
 .text.PendSV_Handler
                0x0000000008000576        0xc Core/Src/stm32f1xx_it.o
                0x0000000008000576                PendSV_Handler
 .text.SysTick_Handler
                0x0000000008000582        0xc Core/Src/stm32f1xx_it.o
                0x0000000008000582                SysTick_Handler
 *fill*         0x000000000800058e        0x2 
 .text.DMA1_Channel4_IRQHandler
                0x0000000008000590       0x14 Core/Src/stm32f1xx_it.o
                0x0000000008000590                DMA1_Channel4_IRQHandler
 .text.DMA1_Channel5_IRQHandler
                0x00000000080005a4       0x14 Core/Src/stm32f1xx_it.o
                0x00000000080005a4                DMA1_Channel5_IRQHandler
 .text.DMA1_Channel6_IRQHandler
                0x00000000080005b8       0x14 Core/Src/stm32f1xx_it.o
                0x00000000080005b8                DMA1_Channel6_IRQHandler
 .text.DMA1_Channel7_IRQHandler
                0x00000000080005cc       0x14 Core/Src/stm32f1xx_it.o
                0x00000000080005cc                DMA1_Channel7_IRQHandler
 .text.USART1_IRQHandler
                0x00000000080005e0       0x14 Core/Src/stm32f1xx_it.o
                0x00000000080005e0                USART1_IRQHandler
 .text.USART2_IRQHandler
                0x00000000080005f4       0x14 Core/Src/stm32f1xx_it.o
                0x00000000080005f4                USART2_IRQHandler
 .text.EXTI15_10_IRQHandler
                0x0000000008000608       0x10 Core/Src/stm32f1xx_it.o
                0x0000000008000608                EXTI15_10_IRQHandler
 .text._getpid  0x0000000008000618        0xe Core/Src/syscalls.o
                0x0000000008000618                _getpid
 .text._kill    0x0000000008000626       0x20 Core/Src/syscalls.o
                0x0000000008000626                _kill
 .text._exit    0x0000000008000646       0x14 Core/Src/syscalls.o
                0x0000000008000646                _exit
 *fill*         0x000000000800065a        0x2 
 .text._sbrk    0x000000000800065c       0x6c Core/Src/sysmem.o
                0x000000000800065c                _sbrk
 .text.SystemInit
                0x00000000080006c8        0xc Core/Src/system_stm32f1xx.o
                0x00000000080006c8                SystemInit
 .text.MX_USART1_UART_Init
                0x00000000080006d4       0x54 Core/Src/usart.o
                0x00000000080006d4                MX_USART1_UART_Init
 .text.MX_USART2_UART_Init
                0x0000000008000728       0x54 Core/Src/usart.o
                0x0000000008000728                MX_USART2_UART_Init
 .text.HAL_UART_MspInit
                0x000000000800077c      0x29c Core/Src/usart.o
                0x000000000800077c                HAL_UART_MspInit
 .text.Reset_Handler
                0x0000000008000a18       0x48 Core/Startup/startup_stm32f103rbtx.o
                0x0000000008000a18                Reset_Handler
 .text.Default_Handler
                0x0000000008000a60        0x2 Core/Startup/startup_stm32f103rbtx.o
                0x0000000008000a60                USBWakeUp_IRQHandler
                0x0000000008000a60                EXTI2_IRQHandler
                0x0000000008000a60                TIM1_CC_IRQHandler
                0x0000000008000a60                PVD_IRQHandler
                0x0000000008000a60                EXTI3_IRQHandler
                0x0000000008000a60                EXTI0_IRQHandler
                0x0000000008000a60                I2C2_EV_IRQHandler
                0x0000000008000a60                ADC1_2_IRQHandler
                0x0000000008000a60                SPI1_IRQHandler
                0x0000000008000a60                TAMPER_IRQHandler
                0x0000000008000a60                USART3_IRQHandler
                0x0000000008000a60                RTC_IRQHandler
                0x0000000008000a60                CAN1_RX1_IRQHandler
                0x0000000008000a60                TIM4_IRQHandler
                0x0000000008000a60                I2C1_EV_IRQHandler
                0x0000000008000a60                TIM3_IRQHandler
                0x0000000008000a60                RCC_IRQHandler
                0x0000000008000a60                TIM1_TRG_COM_IRQHandler
                0x0000000008000a60                DMA1_Channel1_IRQHandler
                0x0000000008000a60                Default_Handler
                0x0000000008000a60                EXTI9_5_IRQHandler
                0x0000000008000a60                SPI2_IRQHandler
                0x0000000008000a60                EXTI4_IRQHandler
                0x0000000008000a60                USB_LP_CAN1_RX0_IRQHandler
                0x0000000008000a60                USB_HP_CAN1_TX_IRQHandler
                0x0000000008000a60                DMA1_Channel3_IRQHandler
                0x0000000008000a60                TIM1_UP_IRQHandler
                0x0000000008000a60                WWDG_IRQHandler
                0x0000000008000a60                TIM2_IRQHandler
                0x0000000008000a60                TIM1_BRK_IRQHandler
                0x0000000008000a60                EXTI1_IRQHandler
                0x0000000008000a60                I2C2_ER_IRQHandler
                0x0000000008000a60                DMA1_Channel2_IRQHandler
                0x0000000008000a60                CAN1_SCE_IRQHandler
                0x0000000008000a60                FLASH_IRQHandler
                0x0000000008000a60                I2C1_ER_IRQHandler
                0x0000000008000a60                RTC_Alarm_IRQHandler
 *fill*         0x0000000008000a62        0x2 
 .text.HAL_Init
                0x0000000008000a64       0x2c Drivers/STM32F1xx_HAL_Driver/Src/stm32f1xx_hal.o
                0x0000000008000a64                HAL_Init
 .text.HAL_InitTick
                0x0000000008000a90       0x60 Drivers/STM32F1xx_HAL_Driver/Src/stm32f1xx_hal.o
                0x0000000008000a90                HAL_InitTick
 .text.HAL_IncTick
                0x0000000008000af0       0x24 Drivers/STM32F1xx_HAL_Driver/Src/stm32f1xx_hal.o
                0x0000000008000af0                HAL_IncTick
 .text.HAL_GetTick
                0x0000000008000b14       0x14 Drivers/STM32F1xx_HAL_Driver/Src/stm32f1xx_hal.o
                0x0000000008000b14                HAL_GetTick
 .text.__NVIC_SetPriorityGrouping
                0x0000000008000b28       0x48 Drivers/STM32F1xx_HAL_Driver/Src/stm32f1xx_hal_cortex.o
 .text.__NVIC_GetPriorityGrouping
                0x0000000008000b70       0x1c Drivers/STM32F1xx_HAL_Driver/Src/stm32f1xx_hal_cortex.o
 .text.__NVIC_EnableIRQ
                0x0000000008000b8c       0x38 Drivers/STM32F1xx_HAL_Driver/Src/stm32f1xx_hal_cortex.o
 .text.__NVIC_SetPriority
                0x0000000008000bc4       0x54 Drivers/STM32F1xx_HAL_Driver/Src/stm32f1xx_hal_cortex.o
 .text.NVIC_EncodePriority
                0x0000000008000c18       0x64 Drivers/STM32F1xx_HAL_Driver/Src/stm32f1xx_hal_cortex.o
 .text.SysTick_Config
                0x0000000008000c7c       0x44 Drivers/STM32F1xx_HAL_Driver/Src/stm32f1xx_hal_cortex.o
 .text.HAL_NVIC_SetPriorityGrouping
                0x0000000008000cc0       0x16 Drivers/STM32F1xx_HAL_Driver/Src/stm32f1xx_hal_cortex.o
                0x0000000008000cc0                HAL_NVIC_SetPriorityGrouping
 .text.HAL_NVIC_SetPriority
                0x0000000008000cd6       0x38 Drivers/STM32F1xx_HAL_Driver/Src/stm32f1xx_hal_cortex.o
                0x0000000008000cd6                HAL_NVIC_SetPriority
 .text.HAL_NVIC_EnableIRQ
                0x0000000008000d0e       0x1c Drivers/STM32F1xx_HAL_Driver/Src/stm32f1xx_hal_cortex.o
                0x0000000008000d0e                HAL_NVIC_EnableIRQ
 .text.HAL_SYSTICK_Config
                0x0000000008000d2a       0x18 Drivers/STM32F1xx_HAL_Driver/Src/stm32f1xx_hal_cortex.o
                0x0000000008000d2a                HAL_SYSTICK_Config
 *fill*         0x0000000008000d42        0x2 
 .text.HAL_DMA_Init
                0x0000000008000d44       0xb4 Drivers/STM32F1xx_HAL_Driver/Src/stm32f1xx_hal_dma.o
                0x0000000008000d44                HAL_DMA_Init
 .text.HAL_DMA_Start_IT
                0x0000000008000df8       0xbe Drivers/STM32F1xx_HAL_Driver/Src/stm32f1xx_hal_dma.o
                0x0000000008000df8                HAL_DMA_Start_IT
 .text.HAL_DMA_Abort
                0x0000000008000eb6       0x74 Drivers/STM32F1xx_HAL_Driver/Src/stm32f1xx_hal_dma.o
                0x0000000008000eb6                HAL_DMA_Abort
 *fill*         0x0000000008000f2a        0x2 
 .text.HAL_DMA_Abort_IT
                0x0000000008000f2c       0xec Drivers/STM32F1xx_HAL_Driver/Src/stm32f1xx_hal_dma.o
                0x0000000008000f2c                HAL_DMA_Abort_IT
 .text.HAL_DMA_IRQHandler
                0x0000000008001018      0x20c Drivers/STM32F1xx_HAL_Driver/Src/stm32f1xx_hal_dma.o
                0x0000000008001018                HAL_DMA_IRQHandler
 .text.DMA_SetConfig
                0x0000000008001224       0x5a Drivers/STM32F1xx_HAL_Driver/Src/stm32f1xx_hal_dma.o
 *fill*         0x000000000800127e        0x2 
 .text.HAL_GPIO_Init
                0x0000000008001280      0x308 Drivers/STM32F1xx_HAL_Driver/Src/stm32f1xx_hal_gpio.o
                0x0000000008001280                HAL_GPIO_Init
 .text.HAL_GPIO_WritePin
                0x0000000008001588       0x30 Drivers/STM32F1xx_HAL_Driver/Src/stm32f1xx_hal_gpio.o
                0x0000000008001588                HAL_GPIO_WritePin
 .text.HAL_GPIO_EXTI_IRQHandler
                0x00000000080015b8       0x30 Drivers/STM32F1xx_HAL_Driver/Src/stm32f1xx_hal_gpio.o
                0x00000000080015b8                HAL_GPIO_EXTI_IRQHandler
 .text.HAL_GPIO_EXTI_Callback
                0x00000000080015e8       0x14 Drivers/STM32F1xx_HAL_Driver/Src/stm32f1xx_hal_gpio.o
                0x00000000080015e8                HAL_GPIO_EXTI_Callback
 .text.HAL_RCC_OscConfig
                0x00000000080015fc      0x500 Drivers/STM32F1xx_HAL_Driver/Src/stm32f1xx_hal_rcc.o
                0x00000000080015fc                HAL_RCC_OscConfig
 .text.HAL_RCC_ClockConfig
                0x0000000008001afc      0x1d4 Drivers/STM32F1xx_HAL_Driver/Src/stm32f1xx_hal_rcc.o
                0x0000000008001afc                HAL_RCC_ClockConfig
 .text.HAL_RCC_GetSysClockFreq
                0x0000000008001cd0       0xc0 Drivers/STM32F1xx_HAL_Driver/Src/stm32f1xx_hal_rcc.o
                0x0000000008001cd0                HAL_RCC_GetSysClockFreq
 .text.HAL_RCC_GetHCLKFreq
                0x0000000008001d90       0x14 Drivers/STM32F1xx_HAL_Driver/Src/stm32f1xx_hal_rcc.o
                0x0000000008001d90                HAL_RCC_GetHCLKFreq
 .text.HAL_RCC_GetPCLK1Freq
                0x0000000008001da4       0x28 Drivers/STM32F1xx_HAL_Driver/Src/stm32f1xx_hal_rcc.o
                0x0000000008001da4                HAL_RCC_GetPCLK1Freq
 .text.HAL_RCC_GetPCLK2Freq
                0x0000000008001dcc       0x28 Drivers/STM32F1xx_HAL_Driver/Src/stm32f1xx_hal_rcc.o
                0x0000000008001dcc                HAL_RCC_GetPCLK2Freq
 .text.RCC_Delay
                0x0000000008001df4       0x3c Drivers/STM32F1xx_HAL_Driver/Src/stm32f1xx_hal_rcc.o
 .text.HAL_UART_Init
                0x0000000008001e30       0x9a Drivers/STM32F1xx_HAL_Driver/Src/stm32f1xx_hal_uart.o
                0x0000000008001e30                HAL_UART_Init
 *fill*         0x0000000008001eca        0x2 
 .text.HAL_UART_Transmit_DMA
                0x0000000008001ecc       0xd8 Drivers/STM32F1xx_HAL_Driver/Src/stm32f1xx_hal_uart.o
                0x0000000008001ecc                HAL_UART_Transmit_DMA
 .text.HAL_UART_Receive_DMA
                0x0000000008001fa4       0x60 Drivers/STM32F1xx_HAL_Driver/Src/stm32f1xx_hal_uart.o
                0x0000000008001fa4                HAL_UART_Receive_DMA
 .text.HAL_UART_IRQHandler
                0x0000000008002004      0x354 Drivers/STM32F1xx_HAL_Driver/Src/stm32f1xx_hal_uart.o
                0x0000000008002004                HAL_UART_IRQHandler
 .text.HAL_UART_TxHalfCpltCallback
                0x0000000008002358       0x12 Drivers/STM32F1xx_HAL_Driver/Src/stm32f1xx_hal_uart.o
                0x0000000008002358                HAL_UART_TxHalfCpltCallback
 .text.HAL_UART_RxHalfCpltCallback
                0x000000000800236a       0x12 Drivers/STM32F1xx_HAL_Driver/Src/stm32f1xx_hal_uart.o
                0x000000000800236a                HAL_UART_RxHalfCpltCallback
 .text.HAL_UART_ErrorCallback
                0x000000000800237c       0x12 Drivers/STM32F1xx_HAL_Driver/Src/stm32f1xx_hal_uart.o
                0x000000000800237c                HAL_UART_ErrorCallback
 .text.HAL_UARTEx_RxEventCallback
                0x000000000800238e       0x16 Drivers/STM32F1xx_HAL_Driver/Src/stm32f1xx_hal_uart.o
                0x000000000800238e                HAL_UARTEx_RxEventCallback
 .text.UART_DMATransmitCplt
                0x00000000080023a4       0x52 Drivers/STM32F1xx_HAL_Driver/Src/stm32f1xx_hal_uart.o
 .text.UART_DMATxHalfCplt
                0x00000000080023f6       0x1c Drivers/STM32F1xx_HAL_Driver/Src/stm32f1xx_hal_uart.o
 .text.UART_DMAReceiveCplt
                0x0000000008002412       0x96 Drivers/STM32F1xx_HAL_Driver/Src/stm32f1xx_hal_uart.o
 .text.UART_DMARxHalfCplt
                0x00000000080024a8       0x36 Drivers/STM32F1xx_HAL_Driver/Src/stm32f1xx_hal_uart.o
 .text.UART_DMAError
                0x00000000080024de       0x94 Drivers/STM32F1xx_HAL_Driver/Src/stm32f1xx_hal_uart.o
 *fill*         0x0000000008002572        0x2 
 .text.UART_Start_Receive_DMA
                0x0000000008002574       0xc8 Drivers/STM32F1xx_HAL_Driver/Src/stm32f1xx_hal_uart.o
                0x0000000008002574                UART_Start_Receive_DMA
 .text.UART_EndTxTransfer
                0x000000000800263c       0x2a Drivers/STM32F1xx_HAL_Driver/Src/stm32f1xx_hal_uart.o
 .text.UART_EndRxTransfer
                0x0000000008002666       0x58 Drivers/STM32F1xx_HAL_Driver/Src/stm32f1xx_hal_uart.o
 .text.UART_DMAAbortOnError
                0x00000000080026be       0x28 Drivers/STM32F1xx_HAL_Driver/Src/stm32f1xx_hal_uart.o
 .text.UART_Transmit_IT
                0x00000000080026e6       0x9e Drivers/STM32F1xx_HAL_Driver/Src/stm32f1xx_hal_uart.o
 .text.UART_EndTransmit_IT
                0x0000000008002784       0x30 Drivers/STM32F1xx_HAL_Driver/Src/stm32f1xx_hal_uart.o
 .text.UART_Receive_IT
                0x00000000080027b4      0x152 Drivers/STM32F1xx_HAL_Driver/Src/stm32f1xx_hal_uart.o
 *fill*         0x0000000008002906        0x2 
 .text.UART_SetConfig
                0x0000000008002908      0x11c Drivers/STM32F1xx_HAL_Driver/Src/stm32f1xx_hal_uart.o
 .text._Znwj    0x0000000008002a24       0x22 /Applications/STM32CubeIDE.app/Contents/Eclipse/plugins/com.st.stm32cube.ide.mcu.externaltools.gnu-tools-for-stm32.9-2020-q2-update.macos64_1.5.0.202011040924/tools/bin/../lib/gcc/arm-none-eabi/9.3.1/../../../../arm-none-eabi/lib/thumb/v7-m/nofp/libstdc++_nano.a(new_op.o)
                0x0000000008002a24                operator new(unsigned int)
 .text._Znaj    0x0000000008002a46        0x4 /Applications/STM32CubeIDE.app/Contents/Eclipse/plugins/com.st.stm32cube.ide.mcu.externaltools.gnu-tools-for-stm32.9-2020-q2-update.macos64_1.5.0.202011040924/tools/bin/../lib/gcc/arm-none-eabi/9.3.1/../../../../arm-none-eabi/lib/thumb/v7-m/nofp/libstdc++_nano.a(new_opv.o)
                0x0000000008002a46                operator new[](unsigned int)
 *fill*         0x0000000008002a4a        0x2 
 .text._ZSt15get_new_handlerv
                0x0000000008002a4c       0x10 /Applications/STM32CubeIDE.app/Contents/Eclipse/plugins/com.st.stm32cube.ide.mcu.externaltools.gnu-tools-for-stm32.9-2020-q2-update.macos64_1.5.0.202011040924/tools/bin/../lib/gcc/arm-none-eabi/9.3.1/../../../../arm-none-eabi/lib/thumb/v7-m/nofp/libstdc++_nano.a(new_handler.o)
                0x0000000008002a4c                std::get_new_handler()
 .text.abort    0x0000000008002a5c        0xe /Applications/STM32CubeIDE.app/Contents/Eclipse/plugins/com.st.stm32cube.ide.mcu.externaltools.gnu-tools-for-stm32.9-2020-q2-update.macos64_1.5.0.202011040924/tools/bin/../lib/gcc/arm-none-eabi/9.3.1/../../../../arm-none-eabi/lib/thumb/v7-m/nofp/libc_nano.a(lib_a-abort.o)
                0x0000000008002a5c                abort
 *fill*         0x0000000008002a6a        0x2 
 .text.__errno  0x0000000008002a6c        0xc /Applications/STM32CubeIDE.app/Contents/Eclipse/plugins/com.st.stm32cube.ide.mcu.externaltools.gnu-tools-for-stm32.9-2020-q2-update.macos64_1.5.0.202011040924/tools/bin/../lib/gcc/arm-none-eabi/9.3.1/../../../../arm-none-eabi/lib/thumb/v7-m/nofp/libc_nano.a(lib_a-errno.o)
                0x0000000008002a6c                __errno
 .text.__libc_init_array
                0x0000000008002a78       0x48 /Applications/STM32CubeIDE.app/Contents/Eclipse/plugins/com.st.stm32cube.ide.mcu.externaltools.gnu-tools-for-stm32.9-2020-q2-update.macos64_1.5.0.202011040924/tools/bin/../lib/gcc/arm-none-eabi/9.3.1/../../../../arm-none-eabi/lib/thumb/v7-m/nofp/libc_nano.a(lib_a-init.o)
                0x0000000008002a78                __libc_init_array
 .text.malloc   0x0000000008002ac0       0x10 /Applications/STM32CubeIDE.app/Contents/Eclipse/plugins/com.st.stm32cube.ide.mcu.externaltools.gnu-tools-for-stm32.9-2020-q2-update.macos64_1.5.0.202011040924/tools/bin/../lib/gcc/arm-none-eabi/9.3.1/../../../../arm-none-eabi/lib/thumb/v7-m/nofp/libc_nano.a(lib_a-malloc.o)
                0x0000000008002ac0                malloc
 .text.memset   0x0000000008002ad0       0x10 /Applications/STM32CubeIDE.app/Contents/Eclipse/plugins/com.st.stm32cube.ide.mcu.externaltools.gnu-tools-for-stm32.9-2020-q2-update.macos64_1.5.0.202011040924/tools/bin/../lib/gcc/arm-none-eabi/9.3.1/../../../../arm-none-eabi/lib/thumb/v7-m/nofp/libc_nano.a(lib_a-memset.o)
                0x0000000008002ad0                memset
 .text._malloc_r
                0x0000000008002ae0       0xb4 /Applications/STM32CubeIDE.app/Contents/Eclipse/plugins/com.st.stm32cube.ide.mcu.externaltools.gnu-tools-for-stm32.9-2020-q2-update.macos64_1.5.0.202011040924/tools/bin/../lib/gcc/arm-none-eabi/9.3.1/../../../../arm-none-eabi/lib/thumb/v7-m/nofp/libc_nano.a(lib_a-nano-mallocr.o)
                0x0000000008002ae0                _malloc_r
 .text._sbrk_r  0x0000000008002b94       0x20 /Applications/STM32CubeIDE.app/Contents/Eclipse/plugins/com.st.stm32cube.ide.mcu.externaltools.gnu-tools-for-stm32.9-2020-q2-update.macos64_1.5.0.202011040924/tools/bin/../lib/gcc/arm-none-eabi/9.3.1/../../../../arm-none-eabi/lib/thumb/v7-m/nofp/libc_nano.a(lib_a-sbrkr.o)
                0x0000000008002b94                _sbrk_r
 .text._raise_r
                0x0000000008002bb4       0x50 /Applications/STM32CubeIDE.app/Contents/Eclipse/plugins/com.st.stm32cube.ide.mcu.externaltools.gnu-tools-for-stm32.9-2020-q2-update.macos64_1.5.0.202011040924/tools/bin/../lib/gcc/arm-none-eabi/9.3.1/../../../../arm-none-eabi/lib/thumb/v7-m/nofp/libc_nano.a(lib_a-signal.o)
                0x0000000008002bb4                _raise_r
 .text.raise    0x0000000008002c04       0x10 /Applications/STM32CubeIDE.app/Contents/Eclipse/plugins/com.st.stm32cube.ide.mcu.externaltools.gnu-tools-for-stm32.9-2020-q2-update.macos64_1.5.0.202011040924/tools/bin/../lib/gcc/arm-none-eabi/9.3.1/../../../../arm-none-eabi/lib/thumb/v7-m/nofp/libc_nano.a(lib_a-signal.o)
                0x0000000008002c04                raise
 .text._kill_r  0x0000000008002c14       0x24 /Applications/STM32CubeIDE.app/Contents/Eclipse/plugins/com.st.stm32cube.ide.mcu.externaltools.gnu-tools-for-stm32.9-2020-q2-update.macos64_1.5.0.202011040924/tools/bin/../lib/gcc/arm-none-eabi/9.3.1/../../../../arm-none-eabi/lib/thumb/v7-m/nofp/libc_nano.a(lib_a-signalr.o)
                0x0000000008002c14                _kill_r
 .text._getpid_r
                0x0000000008002c38        0x4 /Applications/STM32CubeIDE.app/Contents/Eclipse/plugins/com.st.stm32cube.ide.mcu.externaltools.gnu-tools-for-stm32.9-2020-q2-update.macos64_1.5.0.202011040924/tools/bin/../lib/gcc/arm-none-eabi/9.3.1/../../../../arm-none-eabi/lib/thumb/v7-m/nofp/libc_nano.a(lib_a-signalr.o)
                0x0000000008002c38                _getpid_r
 .text.__malloc_lock
                0x0000000008002c3c        0xc /Applications/STM32CubeIDE.app/Contents/Eclipse/plugins/com.st.stm32cube.ide.mcu.externaltools.gnu-tools-for-stm32.9-2020-q2-update.macos64_1.5.0.202011040924/tools/bin/../lib/gcc/arm-none-eabi/9.3.1/../../../../arm-none-eabi/lib/thumb/v7-m/nofp/libc_nano.a(lib_a-mlock.o)
                0x0000000008002c3c                __malloc_lock
 .text.__malloc_unlock
                0x0000000008002c48        0xc /Applications/STM32CubeIDE.app/Contents/Eclipse/plugins/com.st.stm32cube.ide.mcu.externaltools.gnu-tools-for-stm32.9-2020-q2-update.macos64_1.5.0.202011040924/tools/bin/../lib/gcc/arm-none-eabi/9.3.1/../../../../arm-none-eabi/lib/thumb/v7-m/nofp/libc_nano.a(lib_a-mlock.o)
                0x0000000008002c48                __malloc_unlock
 .text.__retarget_lock_acquire_recursive
                0x0000000008002c54        0x2 /Applications/STM32CubeIDE.app/Contents/Eclipse/plugins/com.st.stm32cube.ide.mcu.externaltools.gnu-tools-for-stm32.9-2020-q2-update.macos64_1.5.0.202011040924/tools/bin/../lib/gcc/arm-none-eabi/9.3.1/../../../../arm-none-eabi/lib/thumb/v7-m/nofp/libc_nano.a(lib_a-lock.o)
                0x0000000008002c54                __retarget_lock_acquire_recursive
 .text.__retarget_lock_release_recursive
                0x0000000008002c56        0x2 /Applications/STM32CubeIDE.app/Contents/Eclipse/plugins/com.st.stm32cube.ide.mcu.externaltools.gnu-tools-for-stm32.9-2020-q2-update.macos64_1.5.0.202011040924/tools/bin/../lib/gcc/arm-none-eabi/9.3.1/../../../../arm-none-eabi/lib/thumb/v7-m/nofp/libc_nano.a(lib_a-lock.o)
                0x0000000008002c56                __retarget_lock_release_recursive
 *(.glue_7)
 .glue_7        0x0000000008002c58        0x0 linker stubs
 *(.glue_7t)
 .glue_7t       0x0000000008002c58        0x0 linker stubs
 *(.eh_frame)
 .eh_frame      0x0000000008002c58        0x0 /Applications/STM32CubeIDE.app/Contents/Eclipse/plugins/com.st.stm32cube.ide.mcu.externaltools.gnu-tools-for-stm32.9-2020-q2-update.macos64_1.5.0.202011040924/tools/bin/../lib/gcc/arm-none-eabi/9.3.1/thumb/v7-m/nofp/crtbegin.o
 *(.init)
 .init          0x0000000008002c58        0x4 /Applications/STM32CubeIDE.app/Contents/Eclipse/plugins/com.st.stm32cube.ide.mcu.externaltools.gnu-tools-for-stm32.9-2020-q2-update.macos64_1.5.0.202011040924/tools/bin/../lib/gcc/arm-none-eabi/9.3.1/thumb/v7-m/nofp/crti.o
                0x0000000008002c58                _init
 .init          0x0000000008002c5c        0x8 /Applications/STM32CubeIDE.app/Contents/Eclipse/plugins/com.st.stm32cube.ide.mcu.externaltools.gnu-tools-for-stm32.9-2020-q2-update.macos64_1.5.0.202011040924/tools/bin/../lib/gcc/arm-none-eabi/9.3.1/thumb/v7-m/nofp/crtn.o
 *(.fini)
 .fini          0x0000000008002c64        0x4 /Applications/STM32CubeIDE.app/Contents/Eclipse/plugins/com.st.stm32cube.ide.mcu.externaltools.gnu-tools-for-stm32.9-2020-q2-update.macos64_1.5.0.202011040924/tools/bin/../lib/gcc/arm-none-eabi/9.3.1/thumb/v7-m/nofp/crti.o
                0x0000000008002c64                _fini
 .fini          0x0000000008002c68        0x8 /Applications/STM32CubeIDE.app/Contents/Eclipse/plugins/com.st.stm32cube.ide.mcu.externaltools.gnu-tools-for-stm32.9-2020-q2-update.macos64_1.5.0.202011040924/tools/bin/../lib/gcc/arm-none-eabi/9.3.1/thumb/v7-m/nofp/crtn.o
                0x0000000008002c70                . = ALIGN (0x4)
                0x0000000008002c70                _etext = .

.vfp11_veneer   0x0000000008002c70        0x0
 .vfp11_veneer  0x0000000008002c70        0x0 linker stubs

.v4_bx          0x0000000008002c70        0x0
 .v4_bx         0x0000000008002c70        0x0 linker stubs

.iplt           0x0000000008002c70        0x0
 .iplt          0x0000000008002c70        0x0 /Applications/STM32CubeIDE.app/Contents/Eclipse/plugins/com.st.stm32cube.ide.mcu.externaltools.gnu-tools-for-stm32.9-2020-q2-update.macos64_1.5.0.202011040924/tools/bin/../lib/gcc/arm-none-eabi/9.3.1/thumb/v7-m/nofp/crtbegin.o

.rodata         0x0000000008002c70       0x28
                0x0000000008002c70                . = ALIGN (0x4)
 *(.rodata)
 .rodata        0x0000000008002c70       0x10 Drivers/STM32F1xx_HAL_Driver/Src/stm32f1xx_hal_rcc.o
 *(.rodata*)
 .rodata.AHBPrescTable
                0x0000000008002c80       0x10 Core/Src/system_stm32f1xx.o
                0x0000000008002c80                AHBPrescTable
 .rodata.APBPrescTable
                0x0000000008002c90        0x8 Core/Src/system_stm32f1xx.o
                0x0000000008002c90                APBPrescTable
                0x0000000008002c98                . = ALIGN (0x4)

.rel.dyn        0x0000000008002c98        0x0
 .rel.iplt      0x0000000008002c98        0x0 /Applications/STM32CubeIDE.app/Contents/Eclipse/plugins/com.st.stm32cube.ide.mcu.externaltools.gnu-tools-for-stm32.9-2020-q2-update.macos64_1.5.0.202011040924/tools/bin/../lib/gcc/arm-none-eabi/9.3.1/thumb/v7-m/nofp/crtbegin.o

.ARM.extab      0x0000000008002c98        0x0
                0x0000000008002c98                . = ALIGN (0x4)
 *(.ARM.extab* .gnu.linkonce.armextab.*)
                0x0000000008002c98                . = ALIGN (0x4)

.ARM            0x0000000008002c98        0x0
                0x0000000008002c98                . = ALIGN (0x4)
                0x0000000008002c98                __exidx_start = .
 *(.ARM.exidx*)
                0x0000000008002c98                __exidx_end = .
                0x0000000008002c98                . = ALIGN (0x4)

.preinit_array  0x0000000008002c98        0x0
                0x0000000008002c98                . = ALIGN (0x4)
                0x0000000008002c98                PROVIDE (__preinit_array_start = .)
 *(.preinit_array*)
                0x0000000008002c98                PROVIDE (__preinit_array_end = .)
                0x0000000008002c98                . = ALIGN (0x4)

.init_array     0x0000000008002c98        0x8
                0x0000000008002c98                . = ALIGN (0x4)
                0x0000000008002c98                PROVIDE (__init_array_start = .)
 *(SORT_BY_NAME(.init_array.*))
 *(.init_array*)
 .init_array    0x0000000008002c98        0x4 /Applications/STM32CubeIDE.app/Contents/Eclipse/plugins/com.st.stm32cube.ide.mcu.externaltools.gnu-tools-for-stm32.9-2020-q2-update.macos64_1.5.0.202011040924/tools/bin/../lib/gcc/arm-none-eabi/9.3.1/thumb/v7-m/nofp/crtbegin.o
 .init_array    0x0000000008002c9c        0x4 Core/Src/main.o
                0x0000000008002ca0                PROVIDE (__init_array_end = .)
                0x0000000008002ca0                . = ALIGN (0x4)

.fini_array     0x0000000008002ca0        0x4
                0x0000000008002ca0                . = ALIGN (0x4)
                [!provide]                        PROVIDE (__fini_array_start = .)
 *(SORT_BY_NAME(.fini_array.*))
 *(.fini_array*)
 .fini_array    0x0000000008002ca0        0x4 /Applications/STM32CubeIDE.app/Contents/Eclipse/plugins/com.st.stm32cube.ide.mcu.externaltools.gnu-tools-for-stm32.9-2020-q2-update.macos64_1.5.0.202011040924/tools/bin/../lib/gcc/arm-none-eabi/9.3.1/thumb/v7-m/nofp/crtbegin.o
                [!provide]                        PROVIDE (__fini_array_end = .)
                0x0000000008002ca4                . = ALIGN (0x4)
                0x0000000008002ca4                _sidata = LOADADDR (.data)

.data           0x0000000020000000       0x88 load address 0x0000000008002ca4
                0x0000000020000000                . = ALIGN (0x4)
                0x0000000020000000                _sdata = .
 *(.data)
 *(.data*)
 .data.rxdata   0x0000000020000000        0x9 Core/Src/main.o
                0x0000000020000000                rxdata
 *fill*         0x0000000020000009        0x3 
 .data.txdata   0x000000002000000c        0x9 Core/Src/main.o
                0x000000002000000c                txdata
 *fill*         0x0000000020000015        0x3 
 .data.SystemCoreClock
                0x0000000020000018        0x4 Core/Src/system_stm32f1xx.o
                0x0000000020000018                SystemCoreClock
 .data.uwTickPrio
                0x000000002000001c        0x4 Drivers/STM32F1xx_HAL_Driver/Src/stm32f1xx_hal.o
                0x000000002000001c                uwTickPrio
 .data.uwTickFreq
                0x0000000020000020        0x1 Drivers/STM32F1xx_HAL_Driver/Src/stm32f1xx_hal.o
                0x0000000020000020                uwTickFreq
 *fill*         0x0000000020000021        0x3 
 .data._impure_ptr
                0x0000000020000024        0x4 /Applications/STM32CubeIDE.app/Contents/Eclipse/plugins/com.st.stm32cube.ide.mcu.externaltools.gnu-tools-for-stm32.9-2020-q2-update.macos64_1.5.0.202011040924/tools/bin/../lib/gcc/arm-none-eabi/9.3.1/../../../../arm-none-eabi/lib/thumb/v7-m/nofp/libc_nano.a(lib_a-impure.o)
                0x0000000020000024                _impure_ptr
 .data.impure_data
                0x0000000020000028       0x60 /Applications/STM32CubeIDE.app/Contents/Eclipse/plugins/com.st.stm32cube.ide.mcu.externaltools.gnu-tools-for-stm32.9-2020-q2-update.macos64_1.5.0.202011040924/tools/bin/../lib/gcc/arm-none-eabi/9.3.1/../../../../arm-none-eabi/lib/thumb/v7-m/nofp/libc_nano.a(lib_a-impure.o)
 *(.RamFunc)
 *(.RamFunc*)
                0x0000000020000088                . = ALIGN (0x4)
                0x0000000020000088                _edata = .

.igot.plt       0x0000000020000088        0x0 load address 0x0000000008002d2c
 .igot.plt      0x0000000020000088        0x0 /Applications/STM32CubeIDE.app/Contents/Eclipse/plugins/com.st.stm32cube.ide.mcu.externaltools.gnu-tools-for-stm32.9-2020-q2-update.macos64_1.5.0.202011040924/tools/bin/../lib/gcc/arm-none-eabi/9.3.1/thumb/v7-m/nofp/crtbegin.o
                0x0000000020000088                . = ALIGN (0x4)

.bss            0x0000000020000088      0x1dc load address 0x0000000008002d2c
                0x0000000020000088                _sbss = .
                0x0000000020000088                __bss_start__ = _sbss
 *(.bss)
 .bss           0x0000000020000088       0x1c /Applications/STM32CubeIDE.app/Contents/Eclipse/plugins/com.st.stm32cube.ide.mcu.externaltools.gnu-tools-for-stm32.9-2020-q2-update.macos64_1.5.0.202011040924/tools/bin/../lib/gcc/arm-none-eabi/9.3.1/thumb/v7-m/nofp/crtbegin.o
 *(.bss*)
 .bss.crc32     0x00000000200000a4        0x4 Core/Src/main.o
                0x00000000200000a4                crc32
 .bss.__sbrk_heap_end
                0x00000000200000a8        0x4 Core/Src/sysmem.o
 .bss._ZN12_GLOBAL__N_113__new_handlerE
                0x00000000200000ac        0x4 /Applications/STM32CubeIDE.app/Contents/Eclipse/plugins/com.st.stm32cube.ide.mcu.externaltools.gnu-tools-for-stm32.9-2020-q2-update.macos64_1.5.0.202011040924/tools/bin/../lib/gcc/arm-none-eabi/9.3.1/../../../../arm-none-eabi/lib/thumb/v7-m/nofp/libstdc++_nano.a(new_handler.o)
 .bss.__malloc_free_list
                0x00000000200000b0        0x4 /Applications/STM32CubeIDE.app/Contents/Eclipse/plugins/com.st.stm32cube.ide.mcu.externaltools.gnu-tools-for-stm32.9-2020-q2-update.macos64_1.5.0.202011040924/tools/bin/../lib/gcc/arm-none-eabi/9.3.1/../../../../arm-none-eabi/lib/thumb/v7-m/nofp/libc_nano.a(lib_a-nano-mallocr.o)
                0x00000000200000b0                __malloc_free_list
 .bss.__malloc_sbrk_start
                0x00000000200000b4        0x4 /Applications/STM32CubeIDE.app/Contents/Eclipse/plugins/com.st.stm32cube.ide.mcu.externaltools.gnu-tools-for-stm32.9-2020-q2-update.macos64_1.5.0.202011040924/tools/bin/../lib/gcc/arm-none-eabi/9.3.1/../../../../arm-none-eabi/lib/thumb/v7-m/nofp/libc_nano.a(lib_a-nano-mallocr.o)
                0x00000000200000b4                __malloc_sbrk_start
 *(COMMON)
 COMMON         0x00000000200000b8      0x198 Core/Src/usart.o
                0x00000000200000b8                hdma_usart2_rx
                0x00000000200000fc                hdma_usart1_tx
                0x0000000020000140                hdma_usart1_rx
                0x0000000020000184                hdma_usart2_tx
                0x00000000200001c8                huart1
                0x000000002000020c                huart2
 COMMON         0x0000000020000250        0x4 Drivers/STM32F1xx_HAL_Driver/Src/stm32f1xx_hal.o
                0x0000000020000250                uwTick
 COMMON         0x0000000020000254        0x4 /Applications/STM32CubeIDE.app/Contents/Eclipse/plugins/com.st.stm32cube.ide.mcu.externaltools.gnu-tools-for-stm32.9-2020-q2-update.macos64_1.5.0.202011040924/tools/bin/../lib/gcc/arm-none-eabi/9.3.1/../../../../arm-none-eabi/lib/thumb/v7-m/nofp/libc_nano.a(lib_a-reent.o)
                0x0000000020000254                errno
 COMMON         0x0000000020000258        0x9 /Applications/STM32CubeIDE.app/Contents/Eclipse/plugins/com.st.stm32cube.ide.mcu.externaltools.gnu-tools-for-stm32.9-2020-q2-update.macos64_1.5.0.202011040924/tools/bin/../lib/gcc/arm-none-eabi/9.3.1/../../../../arm-none-eabi/lib/thumb/v7-m/nofp/libc_nano.a(lib_a-lock.o)
                0x0000000020000258                __lock___atexit_recursive_mutex
                0x0000000020000259                __lock___arc4random_mutex
                0x000000002000025a                __lock___env_recursive_mutex
                0x000000002000025b                __lock___sinit_recursive_mutex
                0x000000002000025c                __lock___malloc_recursive_mutex
                0x000000002000025d                __lock___at_quick_exit_mutex
                0x000000002000025e                __lock___dd_hash_mutex
                0x000000002000025f                __lock___tz_mutex
                0x0000000020000260                __lock___sfp_recursive_mutex
                0x0000000020000264                . = ALIGN (0x4)
 *fill*         0x0000000020000261        0x3 
                0x0000000020000264                _ebss = .
                0x0000000020000264                __bss_end__ = _ebss

._user_heap_stack
                0x0000000020000264      0x604 load address 0x0000000008002d2c
                0x0000000020000268                . = ALIGN (0x8)
 *fill*         0x0000000020000264        0x4 
                [!provide]                        PROVIDE (end = .)
                0x0000000020000268                PROVIDE (_end = .)
                0x0000000020000468                . = (. + _Min_Heap_Size)
 *fill*         0x0000000020000268      0x200 
                0x0000000020000868                . = (. + _Min_Stack_Size)
 *fill*         0x0000000020000468      0x400 
                0x0000000020000868                . = ALIGN (0x8)

/DISCARD/
 libc.a(*)
 libm.a(*)
 libgcc.a(*)

.ARM.attributes
                0x0000000000000000       0x29
 *(.ARM.attributes)
 .ARM.attributes
                0x0000000000000000       0x1d /Applications/STM32CubeIDE.app/Contents/Eclipse/plugins/com.st.stm32cube.ide.mcu.externaltools.gnu-tools-for-stm32.9-2020-q2-update.macos64_1.5.0.202011040924/tools/bin/../lib/gcc/arm-none-eabi/9.3.1/thumb/v7-m/nofp/crti.o
 .ARM.attributes
                0x000000000000001d       0x2d /Applications/STM32CubeIDE.app/Contents/Eclipse/plugins/com.st.stm32cube.ide.mcu.externaltools.gnu-tools-for-stm32.9-2020-q2-update.macos64_1.5.0.202011040924/tools/bin/../lib/gcc/arm-none-eabi/9.3.1/thumb/v7-m/nofp/crtbegin.o
 .ARM.attributes
                0x000000000000004a       0x2d Core/Src/CRC32.o
 .ARM.attributes
                0x0000000000000077       0x2d Core/Src/dma.o
 .ARM.attributes
                0x00000000000000a4       0x2d Core/Src/gpio.o
 .ARM.attributes
                0x00000000000000d1       0x2d Core/Src/main.o
 .ARM.attributes
                0x00000000000000fe       0x2d Core/Src/stm32f1xx_hal_msp.o
 .ARM.attributes
                0x000000000000012b       0x2d Core/Src/stm32f1xx_it.o
 .ARM.attributes
                0x0000000000000158       0x2d Core/Src/syscalls.o
 .ARM.attributes
                0x0000000000000185       0x2d Core/Src/sysmem.o
 .ARM.attributes
                0x00000000000001b2       0x2d Core/Src/system_stm32f1xx.o
 .ARM.attributes
                0x00000000000001df       0x2d Core/Src/usart.o
 .ARM.attributes
                0x000000000000020c       0x21 Core/Startup/startup_stm32f103rbtx.o
 .ARM.attributes
                0x000000000000022d       0x2d Drivers/STM32F1xx_HAL_Driver/Src/stm32f1xx_hal.o
 .ARM.attributes
                0x000000000000025a       0x2d Drivers/STM32F1xx_HAL_Driver/Src/stm32f1xx_hal_cortex.o
 .ARM.attributes
                0x0000000000000287       0x2d Drivers/STM32F1xx_HAL_Driver/Src/stm32f1xx_hal_dma.o
 .ARM.attributes
                0x00000000000002b4       0x2d Drivers/STM32F1xx_HAL_Driver/Src/stm32f1xx_hal_gpio.o
 .ARM.attributes
                0x00000000000002e1       0x2d Drivers/STM32F1xx_HAL_Driver/Src/stm32f1xx_hal_rcc.o
 .ARM.attributes
                0x000000000000030e       0x2d Drivers/STM32F1xx_HAL_Driver/Src/stm32f1xx_hal_uart.o
 .ARM.attributes
                0x000000000000033b       0x2d /Applications/STM32CubeIDE.app/Contents/Eclipse/plugins/com.st.stm32cube.ide.mcu.externaltools.gnu-tools-for-stm32.9-2020-q2-update.macos64_1.5.0.202011040924/tools/bin/../lib/gcc/arm-none-eabi/9.3.1/../../../../arm-none-eabi/lib/thumb/v7-m/nofp/libstdc++_nano.a(new_op.o)
 .ARM.attributes
                0x0000000000000368       0x2d /Applications/STM32CubeIDE.app/Contents/Eclipse/plugins/com.st.stm32cube.ide.mcu.externaltools.gnu-tools-for-stm32.9-2020-q2-update.macos64_1.5.0.202011040924/tools/bin/../lib/gcc/arm-none-eabi/9.3.1/../../../../arm-none-eabi/lib/thumb/v7-m/nofp/libstdc++_nano.a(new_opv.o)
 .ARM.attributes
                0x0000000000000395       0x2d /Applications/STM32CubeIDE.app/Contents/Eclipse/plugins/com.st.stm32cube.ide.mcu.externaltools.gnu-tools-for-stm32.9-2020-q2-update.macos64_1.5.0.202011040924/tools/bin/../lib/gcc/arm-none-eabi/9.3.1/../../../../arm-none-eabi/lib/thumb/v7-m/nofp/libstdc++_nano.a(new_handler.o)
 .ARM.attributes
                0x00000000000003c2       0x2d /Applications/STM32CubeIDE.app/Contents/Eclipse/plugins/com.st.stm32cube.ide.mcu.externaltools.gnu-tools-for-stm32.9-2020-q2-update.macos64_1.5.0.202011040924/tools/bin/../lib/gcc/arm-none-eabi/9.3.1/../../../../arm-none-eabi/lib/thumb/v7-m/nofp/libc_nano.a(lib_a-abort.o)
 .ARM.attributes
                0x00000000000003ef       0x2d /Applications/STM32CubeIDE.app/Contents/Eclipse/plugins/com.st.stm32cube.ide.mcu.externaltools.gnu-tools-for-stm32.9-2020-q2-update.macos64_1.5.0.202011040924/tools/bin/../lib/gcc/arm-none-eabi/9.3.1/../../../../arm-none-eabi/lib/thumb/v7-m/nofp/libc_nano.a(lib_a-errno.o)
 .ARM.attributes
                0x000000000000041c       0x2d /Applications/STM32CubeIDE.app/Contents/Eclipse/plugins/com.st.stm32cube.ide.mcu.externaltools.gnu-tools-for-stm32.9-2020-q2-update.macos64_1.5.0.202011040924/tools/bin/../lib/gcc/arm-none-eabi/9.3.1/../../../../arm-none-eabi/lib/thumb/v7-m/nofp/libc_nano.a(lib_a-impure.o)
 .ARM.attributes
                0x0000000000000449       0x2d /Applications/STM32CubeIDE.app/Contents/Eclipse/plugins/com.st.stm32cube.ide.mcu.externaltools.gnu-tools-for-stm32.9-2020-q2-update.macos64_1.5.0.202011040924/tools/bin/../lib/gcc/arm-none-eabi/9.3.1/../../../../arm-none-eabi/lib/thumb/v7-m/nofp/libc_nano.a(lib_a-init.o)
 .ARM.attributes
                0x0000000000000476       0x2d /Applications/STM32CubeIDE.app/Contents/Eclipse/plugins/com.st.stm32cube.ide.mcu.externaltools.gnu-tools-for-stm32.9-2020-q2-update.macos64_1.5.0.202011040924/tools/bin/../lib/gcc/arm-none-eabi/9.3.1/../../../../arm-none-eabi/lib/thumb/v7-m/nofp/libc_nano.a(lib_a-malloc.o)
 .ARM.attributes
                0x00000000000004a3       0x2d /Applications/STM32CubeIDE.app/Contents/Eclipse/plugins/com.st.stm32cube.ide.mcu.externaltools.gnu-tools-for-stm32.9-2020-q2-update.macos64_1.5.0.202011040924/tools/bin/../lib/gcc/arm-none-eabi/9.3.1/../../../../arm-none-eabi/lib/thumb/v7-m/nofp/libc_nano.a(lib_a-memset.o)
 .ARM.attributes
                0x00000000000004d0       0x2d /Applications/STM32CubeIDE.app/Contents/Eclipse/plugins/com.st.stm32cube.ide.mcu.externaltools.gnu-tools-for-stm32.9-2020-q2-update.macos64_1.5.0.202011040924/tools/bin/../lib/gcc/arm-none-eabi/9.3.1/../../../../arm-none-eabi/lib/thumb/v7-m/nofp/libc_nano.a(lib_a-nano-mallocr.o)
 .ARM.attributes
                0x00000000000004fd       0x2d /Applications/STM32CubeIDE.app/Contents/Eclipse/plugins/com.st.stm32cube.ide.mcu.externaltools.gnu-tools-for-stm32.9-2020-q2-update.macos64_1.5.0.202011040924/tools/bin/../lib/gcc/arm-none-eabi/9.3.1/../../../../arm-none-eabi/lib/thumb/v7-m/nofp/libc_nano.a(lib_a-sbrkr.o)
 .ARM.attributes
                0x000000000000052a       0x2d /Applications/STM32CubeIDE.app/Contents/Eclipse/plugins/com.st.stm32cube.ide.mcu.externaltools.gnu-tools-for-stm32.9-2020-q2-update.macos64_1.5.0.202011040924/tools/bin/../lib/gcc/arm-none-eabi/9.3.1/../../../../arm-none-eabi/lib/thumb/v7-m/nofp/libc_nano.a(lib_a-signal.o)
 .ARM.attributes
                0x0000000000000557       0x2d /Applications/STM32CubeIDE.app/Contents/Eclipse/plugins/com.st.stm32cube.ide.mcu.externaltools.gnu-tools-for-stm32.9-2020-q2-update.macos64_1.5.0.202011040924/tools/bin/../lib/gcc/arm-none-eabi/9.3.1/../../../../arm-none-eabi/lib/thumb/v7-m/nofp/libc_nano.a(lib_a-signalr.o)
 .ARM.attributes
                0x0000000000000584       0x2d /Applications/STM32CubeIDE.app/Contents/Eclipse/plugins/com.st.stm32cube.ide.mcu.externaltools.gnu-tools-for-stm32.9-2020-q2-update.macos64_1.5.0.202011040924/tools/bin/../lib/gcc/arm-none-eabi/9.3.1/../../../../arm-none-eabi/lib/thumb/v7-m/nofp/libc_nano.a(lib_a-mlock.o)
 .ARM.attributes
                0x00000000000005b1       0x2d /Applications/STM32CubeIDE.app/Contents/Eclipse/plugins/com.st.stm32cube.ide.mcu.externaltools.gnu-tools-for-stm32.9-2020-q2-update.macos64_1.5.0.202011040924/tools/bin/../lib/gcc/arm-none-eabi/9.3.1/../../../../arm-none-eabi/lib/thumb/v7-m/nofp/libc_nano.a(lib_a-reent.o)
 .ARM.attributes
                0x00000000000005de       0x2d /Applications/STM32CubeIDE.app/Contents/Eclipse/plugins/com.st.stm32cube.ide.mcu.externaltools.gnu-tools-for-stm32.9-2020-q2-update.macos64_1.5.0.202011040924/tools/bin/../lib/gcc/arm-none-eabi/9.3.1/../../../../arm-none-eabi/lib/thumb/v7-m/nofp/libc_nano.a(lib_a-lock.o)
 .ARM.attributes
                0x000000000000060b       0x1d /Applications/STM32CubeIDE.app/Contents/Eclipse/plugins/com.st.stm32cube.ide.mcu.externaltools.gnu-tools-for-stm32.9-2020-q2-update.macos64_1.5.0.202011040924/tools/bin/../lib/gcc/arm-none-eabi/9.3.1/thumb/v7-m/nofp/crtn.o
OUTPUT(CommunicationTask.elf elf32-littlearm)
LOAD linker stubs
LOAD /Applications/STM32CubeIDE.app/Contents/Eclipse/plugins/com.st.stm32cube.ide.mcu.externaltools.gnu-tools-for-stm32.9-2020-q2-update.macos64_1.5.0.202011040924/tools/bin/../lib/gcc/arm-none-eabi/9.3.1/../../../../arm-none-eabi/lib/thumb/v7-m/nofp/libc.a
LOAD /Applications/STM32CubeIDE.app/Contents/Eclipse/plugins/com.st.stm32cube.ide.mcu.externaltools.gnu-tools-for-stm32.9-2020-q2-update.macos64_1.5.0.202011040924/tools/bin/../lib/gcc/arm-none-eabi/9.3.1/../../../../arm-none-eabi/lib/thumb/v7-m/nofp/libm.a
LOAD /Applications/STM32CubeIDE.app/Contents/Eclipse/plugins/com.st.stm32cube.ide.mcu.externaltools.gnu-tools-for-stm32.9-2020-q2-update.macos64_1.5.0.202011040924/tools/bin/../lib/gcc/arm-none-eabi/9.3.1/thumb/v7-m/nofp/libgcc.a

.debug_info     0x0000000000000000     0x93cc
 .debug_info    0x0000000000000000      0x4d2 Core/Src/CRC32.o
 .debug_info    0x00000000000004d2      0x396 Core/Src/dma.o
 .debug_info    0x0000000000000868      0x4f3 Core/Src/gpio.o
 .debug_info    0x0000000000000d5b     0x137a Core/Src/main.o
 .debug_info    0x00000000000020d5      0x2fc Core/Src/stm32f1xx_hal_msp.o
 .debug_info    0x00000000000023d1      0x76b Core/Src/stm32f1xx_it.o
 .debug_info    0x0000000000002b3c      0xfa8 Core/Src/syscalls.o
 .debug_info    0x0000000000003ae4      0xa25 Core/Src/sysmem.o
 .debug_info    0x0000000000004509      0x2be Core/Src/system_stm32f1xx.o
 .debug_info    0x00000000000047c7      0xad6 Core/Src/usart.o
 .debug_info    0x000000000000529d       0x22 Core/Startup/startup_stm32f103rbtx.o
 .debug_info    0x00000000000052bf      0x76a Drivers/STM32F1xx_HAL_Driver/Src/stm32f1xx_hal.o
 .debug_info    0x0000000000005a29      0xbdc Drivers/STM32F1xx_HAL_Driver/Src/stm32f1xx_hal_cortex.o
 .debug_info    0x0000000000006605      0x81e Drivers/STM32F1xx_HAL_Driver/Src/stm32f1xx_hal_dma.o
 .debug_info    0x0000000000006e23      0x701 Drivers/STM32F1xx_HAL_Driver/Src/stm32f1xx_hal_gpio.o
 .debug_info    0x0000000000007524      0x88e Drivers/STM32F1xx_HAL_Driver/Src/stm32f1xx_hal_rcc.o
 .debug_info    0x0000000000007db2     0x161a Drivers/STM32F1xx_HAL_Driver/Src/stm32f1xx_hal_uart.o

.debug_abbrev   0x0000000000000000     0x1ffc
 .debug_abbrev  0x0000000000000000      0x219 Core/Src/CRC32.o
 .debug_abbrev  0x0000000000000219      0x11b Core/Src/dma.o
 .debug_abbrev  0x0000000000000334      0x157 Core/Src/gpio.o
 .debug_abbrev  0x000000000000048b      0x34d Core/Src/main.o
 .debug_abbrev  0x00000000000007d8      0x11d Core/Src/stm32f1xx_hal_msp.o
 .debug_abbrev  0x00000000000008f5      0x17d Core/Src/stm32f1xx_it.o
 .debug_abbrev  0x0000000000000a72      0x286 Core/Src/syscalls.o
 .debug_abbrev  0x0000000000000cf8      0x1bf Core/Src/sysmem.o
 .debug_abbrev  0x0000000000000eb7      0x14e Core/Src/system_stm32f1xx.o
 .debug_abbrev  0x0000000000001005      0x1d7 Core/Src/usart.o
 .debug_abbrev  0x00000000000011dc       0x12 Core/Startup/startup_stm32f103rbtx.o
 .debug_abbrev  0x00000000000011ee      0x1ed Drivers/STM32F1xx_HAL_Driver/Src/stm32f1xx_hal.o
 .debug_abbrev  0x00000000000013db      0x313 Drivers/STM32F1xx_HAL_Driver/Src/stm32f1xx_hal_cortex.o
 .debug_abbrev  0x00000000000016ee      0x228 Drivers/STM32F1xx_HAL_Driver/Src/stm32f1xx_hal_dma.o
 .debug_abbrev  0x0000000000001916      0x1e8 Drivers/STM32F1xx_HAL_Driver/Src/stm32f1xx_hal_gpio.o
 .debug_abbrev  0x0000000000001afe      0x273 Drivers/STM32F1xx_HAL_Driver/Src/stm32f1xx_hal_rcc.o
 .debug_abbrev  0x0000000000001d71      0x28b Drivers/STM32F1xx_HAL_Driver/Src/stm32f1xx_hal_uart.o

.debug_aranges  0x0000000000000000      0x828
 .debug_aranges
                0x0000000000000000       0x48 Core/Src/CRC32.o
 .debug_aranges
                0x0000000000000048       0x20 Core/Src/dma.o
 .debug_aranges
                0x0000000000000068       0x20 Core/Src/gpio.o
 .debug_aranges
                0x0000000000000088       0x50 Core/Src/main.o
 .debug_aranges
                0x00000000000000d8       0x20 Core/Src/stm32f1xx_hal_msp.o
 .debug_aranges
                0x00000000000000f8       0x98 Core/Src/stm32f1xx_it.o
 .debug_aranges
                0x0000000000000190       0xa8 Core/Src/syscalls.o
 .debug_aranges
                0x0000000000000238       0x20 Core/Src/sysmem.o
 .debug_aranges
                0x0000000000000258       0x28 Core/Src/system_stm32f1xx.o
 .debug_aranges
                0x0000000000000280       0x38 Core/Src/usart.o
 .debug_aranges
                0x00000000000002b8       0x28 Core/Startup/startup_stm32f103rbtx.o
 .debug_aranges
                0x00000000000002e0       0xe0 Drivers/STM32F1xx_HAL_Driver/Src/stm32f1xx_hal.o
 .debug_aranges
                0x00000000000003c0      0x100 Drivers/STM32F1xx_HAL_Driver/Src/stm32f1xx_hal_cortex.o
 .debug_aranges
                0x00000000000004c0       0x80 Drivers/STM32F1xx_HAL_Driver/Src/stm32f1xx_hal_dma.o
 .debug_aranges
                0x0000000000000540       0x58 Drivers/STM32F1xx_HAL_Driver/Src/stm32f1xx_hal_gpio.o
 .debug_aranges
                0x0000000000000598       0x90 Drivers/STM32F1xx_HAL_Driver/Src/stm32f1xx_hal_rcc.o
 .debug_aranges
                0x0000000000000628      0x200 Drivers/STM32F1xx_HAL_Driver/Src/stm32f1xx_hal_uart.o

.debug_ranges   0x0000000000000000      0x750
 .debug_ranges  0x0000000000000000       0x38 Core/Src/CRC32.o
 .debug_ranges  0x0000000000000038       0x10 Core/Src/dma.o
 .debug_ranges  0x0000000000000048       0x10 Core/Src/gpio.o
 .debug_ranges  0x0000000000000058       0x40 Core/Src/main.o
 .debug_ranges  0x0000000000000098       0x10 Core/Src/stm32f1xx_hal_msp.o
 .debug_ranges  0x00000000000000a8       0x88 Core/Src/stm32f1xx_it.o
 .debug_ranges  0x0000000000000130       0x98 Core/Src/syscalls.o
 .debug_ranges  0x00000000000001c8       0x10 Core/Src/sysmem.o
 .debug_ranges  0x00000000000001d8       0x18 Core/Src/system_stm32f1xx.o
 .debug_ranges  0x00000000000001f0       0x28 Core/Src/usart.o
 .debug_ranges  0x0000000000000218       0x20 Core/Startup/startup_stm32f103rbtx.o
 .debug_ranges  0x0000000000000238       0xd0 Drivers/STM32F1xx_HAL_Driver/Src/stm32f1xx_hal.o
 .debug_ranges  0x0000000000000308       0xf0 Drivers/STM32F1xx_HAL_Driver/Src/stm32f1xx_hal_cortex.o
 .debug_ranges  0x00000000000003f8       0x70 Drivers/STM32F1xx_HAL_Driver/Src/stm32f1xx_hal_dma.o
 .debug_ranges  0x0000000000000468       0x48 Drivers/STM32F1xx_HAL_Driver/Src/stm32f1xx_hal_gpio.o
 .debug_ranges  0x00000000000004b0       0x80 Drivers/STM32F1xx_HAL_Driver/Src/stm32f1xx_hal_rcc.o
 .debug_ranges  0x0000000000000530      0x220 Drivers/STM32F1xx_HAL_Driver/Src/stm32f1xx_hal_uart.o

.debug_macro    0x0000000000000000    0x19c21
 .debug_macro   0x0000000000000000       0x7f Core/Src/CRC32.o
 .debug_macro   0x000000000000007f      0xb74 Core/Src/CRC32.o
 .debug_macro   0x0000000000000bf3      0x17b Core/Src/CRC32.o
 .debug_macro   0x0000000000000d6e       0x1c Core/Src/CRC32.o
 .debug_macro   0x0000000000000d8a       0x22 Core/Src/CRC32.o
 .debug_macro   0x0000000000000dac       0x8e Core/Src/CRC32.o
 .debug_macro   0x0000000000000e3a       0x51 Core/Src/CRC32.o
 .debug_macro   0x0000000000000e8b      0x103 Core/Src/CRC32.o
 .debug_macro   0x0000000000000f8e       0x6a Core/Src/CRC32.o
 .debug_macro   0x0000000000000ff8      0x1df Core/Src/CRC32.o
 .debug_macro   0x00000000000011d7      0x1a7 Core/Src/dma.o
 .debug_macro   0x000000000000137e      0xa9c Core/Src/dma.o
 .debug_macro   0x0000000000001e1a      0x21b Core/Src/dma.o
 .debug_macro   0x0000000000002035       0x2e Core/Src/dma.o
 .debug_macro   0x0000000000002063       0x22 Core/Src/dma.o
 .debug_macro   0x0000000000002085       0x1c Core/Src/dma.o
 .debug_macro   0x00000000000020a1       0x22 Core/Src/dma.o
 .debug_macro   0x00000000000020c3       0xc3 Core/Src/dma.o
 .debug_macro   0x0000000000002186      0xd23 Core/Src/dma.o
 .debug_macro   0x0000000000002ea9     0xe09e Core/Src/dma.o
 .debug_macro   0x0000000000010f47       0x6d Core/Src/dma.o
 .debug_macro   0x0000000000010fb4     0x3468 Core/Src/dma.o
 .debug_macro   0x000000000001441c      0x174 Core/Src/dma.o
 .debug_macro   0x0000000000014590       0x5c Core/Src/dma.o
 .debug_macro   0x00000000000145ec      0x5be Core/Src/dma.o
 .debug_macro   0x0000000000014baa      0x289 Core/Src/dma.o
 .debug_macro   0x0000000000014e33      0x1cb Core/Src/dma.o
 .debug_macro   0x0000000000014ffe      0x114 Core/Src/dma.o
 .debug_macro   0x0000000000015112      0x1b2 Core/Src/dma.o
 .debug_macro   0x00000000000152c4       0x27 Core/Src/dma.o
 .debug_macro   0x00000000000152eb      0x136 Core/Src/dma.o
 .debug_macro   0x0000000000015421      0x1bc Core/Src/dma.o
 .debug_macro   0x00000000000155dd       0x34 Core/Src/dma.o
 .debug_macro   0x0000000000015611       0x3c Core/Src/dma.o
 .debug_macro   0x000000000001564d       0x57 Core/Src/dma.o
 .debug_macro   0x00000000000156a4       0x88 Core/Src/dma.o
 .debug_macro   0x000000000001572c      0x241 Core/Src/dma.o
 .debug_macro   0x000000000001596d      0x141 Core/Src/dma.o
 .debug_macro   0x0000000000015aae      0x279 Core/Src/dma.o
 .debug_macro   0x0000000000015d27       0x83 Core/Src/dma.o
 .debug_macro   0x0000000000015daa       0x46 Core/Src/dma.o
 .debug_macro   0x0000000000015df0      0x1a7 Core/Src/gpio.o
 .debug_macro   0x0000000000015f97      0x2a6 Core/Src/main.o
 .debug_macro   0x000000000001623d      0xd23 Core/Src/main.o
 .debug_macro   0x0000000000016f60       0x52 Core/Src/main.o
 .debug_macro   0x0000000000016fb2       0x18 Core/Src/main.o
 .debug_macro   0x0000000000016fca       0x3c Core/Src/main.o
 .debug_macro   0x0000000000017006       0x34 Core/Src/main.o
 .debug_macro   0x000000000001703a       0x16 Core/Src/main.o
 .debug_macro   0x0000000000017050       0x43 Core/Src/main.o
 .debug_macro   0x0000000000017093       0x34 Core/Src/main.o
 .debug_macro   0x00000000000170c7       0x10 Core/Src/main.o
 .debug_macro   0x00000000000170d7       0x58 Core/Src/main.o
 .debug_macro   0x000000000001712f       0x71 Core/Src/main.o
 .debug_macro   0x00000000000171a0       0x16 Core/Src/main.o
 .debug_macro   0x00000000000171b6      0x12a Core/Src/main.o
 .debug_macro   0x00000000000172e0      0x356 Core/Src/main.o
 .debug_macro   0x0000000000017636       0x10 Core/Src/main.o
 .debug_macro   0x0000000000017646       0x35 Core/Src/main.o
 .debug_macro   0x000000000001767b       0x20 Core/Src/main.o
 .debug_macro   0x000000000001769b      0x19d Core/Src/stm32f1xx_hal_msp.o
 .debug_macro   0x0000000000017838      0x1a7 Core/Src/stm32f1xx_it.o
 .debug_macro   0x00000000000179df      0x24c Core/Src/syscalls.o
 .debug_macro   0x0000000000017c2b       0x4c Core/Src/syscalls.o
 .debug_macro   0x0000000000017c77       0x94 Core/Src/syscalls.o
 .debug_macro   0x0000000000017d0b       0x34 Core/Src/syscalls.o
 .debug_macro   0x0000000000017d3f       0x57 Core/Src/syscalls.o
 .debug_macro   0x0000000000017d96      0x339 Core/Src/syscalls.o
 .debug_macro   0x00000000000180cf       0x43 Core/Src/syscalls.o
 .debug_macro   0x0000000000018112       0x1c Core/Src/syscalls.o
 .debug_macro   0x000000000001812e       0x10 Core/Src/syscalls.o
 .debug_macro   0x000000000001813e       0x35 Core/Src/syscalls.o
 .debug_macro   0x0000000000018173       0x10 Core/Src/syscalls.o
 .debug_macro   0x0000000000018183       0x10 Core/Src/syscalls.o
 .debug_macro   0x0000000000018193       0x10 Core/Src/syscalls.o
 .debug_macro   0x00000000000181a3       0x1c Core/Src/syscalls.o
 .debug_macro   0x00000000000181bf       0x52 Core/Src/syscalls.o
 .debug_macro   0x0000000000018211       0x22 Core/Src/syscalls.o
 .debug_macro   0x0000000000018233       0x10 Core/Src/syscalls.o
 .debug_macro   0x0000000000018243       0x40 Core/Src/syscalls.o
 .debug_macro   0x0000000000018283       0xd5 Core/Src/syscalls.o
 .debug_macro   0x0000000000018358       0x1c Core/Src/syscalls.o
 .debug_macro   0x0000000000018374       0x3d Core/Src/syscalls.o
 .debug_macro   0x00000000000183b1       0x35 Core/Src/syscalls.o
 .debug_macro   0x00000000000183e6      0x12c Core/Src/syscalls.o
 .debug_macro   0x0000000000018512       0x16 Core/Src/syscalls.o
 .debug_macro   0x0000000000018528       0x16 Core/Src/syscalls.o
 .debug_macro   0x000000000001853e       0x29 Core/Src/syscalls.o
 .debug_macro   0x0000000000018567       0x10 Core/Src/syscalls.o
 .debug_macro   0x0000000000018577      0x241 Core/Src/syscalls.o
 .debug_macro   0x00000000000187b8       0x1c Core/Src/syscalls.o
 .debug_macro   0x00000000000187d4       0x10 Core/Src/syscalls.o
 .debug_macro   0x00000000000187e4       0x10 Core/Src/syscalls.o
 .debug_macro   0x00000000000187f4       0x16 Core/Src/syscalls.o
 .debug_macro   0x000000000001880a      0x145 Core/Src/syscalls.o
 .debug_macro   0x000000000001894f      0x189 Core/Src/syscalls.o
 .debug_macro   0x0000000000018ad8       0x16 Core/Src/syscalls.o
 .debug_macro   0x0000000000018aee       0xce Core/Src/syscalls.o
 .debug_macro   0x0000000000018bbc       0xff Core/Src/sysmem.o
 .debug_macro   0x0000000000018cbb      0x23b Core/Src/sysmem.o
 .debug_macro   0x0000000000018ef6      0x18e Core/Src/system_stm32f1xx.o
 .debug_macro   0x0000000000019084      0x1a7 Core/Src/usart.o
 .debug_macro   0x000000000001922b      0x1b2 Drivers/STM32F1xx_HAL_Driver/Src/stm32f1xx_hal.o
 .debug_macro   0x00000000000193dd      0x18e Drivers/STM32F1xx_HAL_Driver/Src/stm32f1xx_hal_cortex.o
 .debug_macro   0x000000000001956b      0x18e Drivers/STM32F1xx_HAL_Driver/Src/stm32f1xx_hal_dma.o
 .debug_macro   0x00000000000196f9      0x1f9 Drivers/STM32F1xx_HAL_Driver/Src/stm32f1xx_hal_gpio.o
 .debug_macro   0x00000000000198f2      0x1a0 Drivers/STM32F1xx_HAL_Driver/Src/stm32f1xx_hal_rcc.o
 .debug_macro   0x0000000000019a92      0x18f Drivers/STM32F1xx_HAL_Driver/Src/stm32f1xx_hal_uart.o

.debug_line     0x0000000000000000     0x996a
 .debug_line    0x0000000000000000      0x565 Core/Src/CRC32.o
 .debug_line    0x0000000000000565      0x67d Core/Src/dma.o
 .debug_line    0x0000000000000be2      0x697 Core/Src/gpio.o
 .debug_line    0x0000000000001279      0x901 Core/Src/main.o
 .debug_line    0x0000000000001b7a      0x67d Core/Src/stm32f1xx_hal_msp.o
 .debug_line    0x00000000000021f7      0x7e6 Core/Src/stm32f1xx_it.o
 .debug_line    0x00000000000029dd      0x83e Core/Src/syscalls.o
 .debug_line    0x000000000000321b      0x534 Core/Src/sysmem.o
 .debug_line    0x000000000000374f      0x6fa Core/Src/system_stm32f1xx.o
 .debug_line    0x0000000000003e49      0x7f0 Core/Src/usart.o
 .debug_line    0x0000000000004639       0x87 Core/Startup/startup_stm32f103rbtx.o
 .debug_line    0x00000000000046c0      0x927 Drivers/STM32F1xx_HAL_Driver/Src/stm32f1xx_hal.o
 .debug_line    0x0000000000004fe7      0xb0f Drivers/STM32F1xx_HAL_Driver/Src/stm32f1xx_hal_cortex.o
 .debug_line    0x0000000000005af6      0xd7f Drivers/STM32F1xx_HAL_Driver/Src/stm32f1xx_hal_dma.o
 .debug_line    0x0000000000006875      0x9be Drivers/STM32F1xx_HAL_Driver/Src/stm32f1xx_hal_gpio.o
 .debug_line    0x0000000000007233      0xd35 Drivers/STM32F1xx_HAL_Driver/Src/stm32f1xx_hal_rcc.o
 .debug_line    0x0000000000007f68     0x1a02 Drivers/STM32F1xx_HAL_Driver/Src/stm32f1xx_hal_uart.o

.debug_str      0x0000000000000000    0x845d4
 .debug_str     0x0000000000000000     0x4395 Core/Src/CRC32.o
                                       0x45b7 (size before relaxing)
 .debug_str     0x0000000000004395    0x78b9e Core/Src/dma.o
                                      0x7cb9d (size before relaxing)
 .debug_str     0x000000000007cf33       0x8b Core/Src/gpio.o
                                      0x7cc18 (size before relaxing)
 .debug_str     0x000000000007cfbe     0x3813 Core/Src/main.o
                                      0x8084e (size before relaxing)
 .debug_str     0x00000000000807d1       0x5a Core/Src/stm32f1xx_hal_msp.o
                                      0x7c8f9 (size before relaxing)
 .debug_str     0x000000000008082b      0x196 Core/Src/stm32f1xx_it.o
                                      0x7cdbd (size before relaxing)
 .debug_str     0x00000000000809c1     0x276b Core/Src/syscalls.o
                                       0x8e7c (size before relaxing)
 .debug_str     0x000000000008312c       0x6b Core/Src/sysmem.o
                                       0x624f (size before relaxing)
 .debug_str     0x0000000000083197       0x52 Core/Src/system_stm32f1xx.o
                                      0x7c806 (size before relaxing)
 .debug_str     0x00000000000831e9       0x6b Core/Src/usart.o
                                      0x7d08d (size before relaxing)
 .debug_str     0x0000000000083254       0x36 Core/Startup/startup_stm32f103rbtx.o
                                         0x63 (size before relaxing)
 .debug_str     0x000000000008328a      0x2ed Drivers/STM32F1xx_HAL_Driver/Src/stm32f1xx_hal.o
                                      0x7ce97 (size before relaxing)
 .debug_str     0x0000000000083577      0x2f7 Drivers/STM32F1xx_HAL_Driver/Src/stm32f1xx_hal_cortex.o
                                      0x7ce9f (size before relaxing)
 .debug_str     0x000000000008386e      0x23a Drivers/STM32F1xx_HAL_Driver/Src/stm32f1xx_hal_dma.o
                                      0x7cbe1 (size before relaxing)
 .debug_str     0x0000000000083aa8      0x31f Drivers/STM32F1xx_HAL_Driver/Src/stm32f1xx_hal_gpio.o
                                      0x7cbca (size before relaxing)
 .debug_str     0x0000000000083dc7      0x244 Drivers/STM32F1xx_HAL_Driver/Src/stm32f1xx_hal_rcc.o
                                      0x7cc03 (size before relaxing)
 .debug_str     0x000000000008400b      0x5c9 Drivers/STM32F1xx_HAL_Driver/Src/stm32f1xx_hal_uart.o
                                      0x7d1f5 (size before relaxing)

.comment        0x0000000000000000       0x53
 .comment       0x0000000000000000       0x53 Core/Src/CRC32.o
                                         0x54 (size before relaxing)
 .comment       0x0000000000000053       0x54 Core/Src/dma.o
 .comment       0x0000000000000053       0x54 Core/Src/gpio.o
 .comment       0x0000000000000053       0x54 Core/Src/main.o
 .comment       0x0000000000000053       0x54 Core/Src/stm32f1xx_hal_msp.o
 .comment       0x0000000000000053       0x54 Core/Src/stm32f1xx_it.o
 .comment       0x0000000000000053       0x54 Core/Src/syscalls.o
 .comment       0x0000000000000053       0x54 Core/Src/sysmem.o
 .comment       0x0000000000000053       0x54 Core/Src/system_stm32f1xx.o
 .comment       0x0000000000000053       0x54 Core/Src/usart.o
 .comment       0x0000000000000053       0x54 Drivers/STM32F1xx_HAL_Driver/Src/stm32f1xx_hal.o
 .comment       0x0000000000000053       0x54 Drivers/STM32F1xx_HAL_Driver/Src/stm32f1xx_hal_cortex.o
 .comment       0x0000000000000053       0x54 Drivers/STM32F1xx_HAL_Driver/Src/stm32f1xx_hal_dma.o
 .comment       0x0000000000000053       0x54 Drivers/STM32F1xx_HAL_Driver/Src/stm32f1xx_hal_gpio.o
 .comment       0x0000000000000053       0x54 Drivers/STM32F1xx_HAL_Driver/Src/stm32f1xx_hal_rcc.o
 .comment       0x0000000000000053       0x54 Drivers/STM32F1xx_HAL_Driver/Src/stm32f1xx_hal_uart.o

.debug_frame    0x0000000000000000     0x21d8
 .debug_frame   0x0000000000000000       0xf4 Core/Src/CRC32.o
 .debug_frame   0x00000000000000f4       0x34 Core/Src/dma.o
 .debug_frame   0x0000000000000128       0x34 Core/Src/gpio.o
 .debug_frame   0x000000000000015c       0xf4 Core/Src/main.o
 .debug_frame   0x0000000000000250       0x38 Core/Src/stm32f1xx_hal_msp.o
 .debug_frame   0x0000000000000288      0x1c8 Core/Src/stm32f1xx_it.o
 .debug_frame   0x0000000000000450      0x2ac Core/Src/syscalls.o
 .debug_frame   0x00000000000006fc       0x34 Core/Src/sysmem.o
 .debug_frame   0x0000000000000730       0x58 Core/Src/system_stm32f1xx.o
 .debug_frame   0x0000000000000788       0x94 Core/Src/usart.o
 .debug_frame   0x000000000000081c      0x334 Drivers/STM32F1xx_HAL_Driver/Src/stm32f1xx_hal.o
 .debug_frame   0x0000000000000b50      0x428 Drivers/STM32F1xx_HAL_Driver/Src/stm32f1xx_hal_cortex.o
 .debug_frame   0x0000000000000f78      0x208 Drivers/STM32F1xx_HAL_Driver/Src/stm32f1xx_hal_dma.o
 .debug_frame   0x0000000000001180      0x14c Drivers/STM32F1xx_HAL_Driver/Src/stm32f1xx_hal_gpio.o
 .debug_frame   0x00000000000012cc      0x21c Drivers/STM32F1xx_HAL_Driver/Src/stm32f1xx_hal_rcc.o
 .debug_frame   0x00000000000014e8      0x914 Drivers/STM32F1xx_HAL_Driver/Src/stm32f1xx_hal_uart.o
 .debug_frame   0x0000000000001dfc       0x28 /Applications/STM32CubeIDE.app/Contents/Eclipse/plugins/com.st.stm32cube.ide.mcu.externaltools.gnu-tools-for-stm32.9-2020-q2-update.macos64_1.5.0.202011040924/tools/bin/../lib/gcc/arm-none-eabi/9.3.1/../../../../arm-none-eabi/lib/thumb/v7-m/nofp/libstdc++_nano.a(new_op.o)
 .debug_frame   0x0000000000001e24       0x20 /Applications/STM32CubeIDE.app/Contents/Eclipse/plugins/com.st.stm32cube.ide.mcu.externaltools.gnu-tools-for-stm32.9-2020-q2-update.macos64_1.5.0.202011040924/tools/bin/../lib/gcc/arm-none-eabi/9.3.1/../../../../arm-none-eabi/lib/thumb/v7-m/nofp/libstdc++_nano.a(new_opv.o)
 .debug_frame   0x0000000000001e44       0x30 /Applications/STM32CubeIDE.app/Contents/Eclipse/plugins/com.st.stm32cube.ide.mcu.externaltools.gnu-tools-for-stm32.9-2020-q2-update.macos64_1.5.0.202011040924/tools/bin/../lib/gcc/arm-none-eabi/9.3.1/../../../../arm-none-eabi/lib/thumb/v7-m/nofp/libstdc++_nano.a(new_handler.o)
 .debug_frame   0x0000000000001e74       0x28 /Applications/STM32CubeIDE.app/Contents/Eclipse/plugins/com.st.stm32cube.ide.mcu.externaltools.gnu-tools-for-stm32.9-2020-q2-update.macos64_1.5.0.202011040924/tools/bin/../lib/gcc/arm-none-eabi/9.3.1/../../../../arm-none-eabi/lib/thumb/v7-m/nofp/libc_nano.a(lib_a-abort.o)
 .debug_frame   0x0000000000001e9c       0x20 /Applications/STM32CubeIDE.app/Contents/Eclipse/plugins/com.st.stm32cube.ide.mcu.externaltools.gnu-tools-for-stm32.9-2020-q2-update.macos64_1.5.0.202011040924/tools/bin/../lib/gcc/arm-none-eabi/9.3.1/../../../../arm-none-eabi/lib/thumb/v7-m/nofp/libc_nano.a(lib_a-errno.o)
 .debug_frame   0x0000000000001ebc       0x2c /Applications/STM32CubeIDE.app/Contents/Eclipse/plugins/com.st.stm32cube.ide.mcu.externaltools.gnu-tools-for-stm32.9-2020-q2-update.macos64_1.5.0.202011040924/tools/bin/../lib/gcc/arm-none-eabi/9.3.1/../../../../arm-none-eabi/lib/thumb/v7-m/nofp/libc_nano.a(lib_a-init.o)
 .debug_frame   0x0000000000001ee8       0x30 /Applications/STM32CubeIDE.app/Contents/Eclipse/plugins/com.st.stm32cube.ide.mcu.externaltools.gnu-tools-for-stm32.9-2020-q2-update.macos64_1.5.0.202011040924/tools/bin/../lib/gcc/arm-none-eabi/9.3.1/../../../../arm-none-eabi/lib/thumb/v7-m/nofp/libc_nano.a(lib_a-malloc.o)
 .debug_frame   0x0000000000001f18       0x20 /Applications/STM32CubeIDE.app/Contents/Eclipse/plugins/com.st.stm32cube.ide.mcu.externaltools.gnu-tools-for-stm32.9-2020-q2-update.macos64_1.5.0.202011040924/tools/bin/../lib/gcc/arm-none-eabi/9.3.1/../../../../arm-none-eabi/lib/thumb/v7-m/nofp/libc_nano.a(lib_a-memset.o)
 .debug_frame   0x0000000000001f38       0x30 /Applications/STM32CubeIDE.app/Contents/Eclipse/plugins/com.st.stm32cube.ide.mcu.externaltools.gnu-tools-for-stm32.9-2020-q2-update.macos64_1.5.0.202011040924/tools/bin/../lib/gcc/arm-none-eabi/9.3.1/../../../../arm-none-eabi/lib/thumb/v7-m/nofp/libc_nano.a(lib_a-nano-mallocr.o)
 .debug_frame   0x0000000000001f68       0x2c /Applications/STM32CubeIDE.app/Contents/Eclipse/plugins/com.st.stm32cube.ide.mcu.externaltools.gnu-tools-for-stm32.9-2020-q2-update.macos64_1.5.0.202011040924/tools/bin/../lib/gcc/arm-none-eabi/9.3.1/../../../../arm-none-eabi/lib/thumb/v7-m/nofp/libc_nano.a(lib_a-sbrkr.o)
 .debug_frame   0x0000000000001f94       0xcc /Applications/STM32CubeIDE.app/Contents/Eclipse/plugins/com.st.stm32cube.ide.mcu.externaltools.gnu-tools-for-stm32.9-2020-q2-update.macos64_1.5.0.202011040924/tools/bin/../lib/gcc/arm-none-eabi/9.3.1/../../../../arm-none-eabi/lib/thumb/v7-m/nofp/libc_nano.a(lib_a-signal.o)
 .debug_frame   0x0000000000002060       0x3c /Applications/STM32CubeIDE.app/Contents/Eclipse/plugins/com.st.stm32cube.ide.mcu.externaltools.gnu-tools-for-stm32.9-2020-q2-update.macos64_1.5.0.202011040924/tools/bin/../lib/gcc/arm-none-eabi/9.3.1/../../../../arm-none-eabi/lib/thumb/v7-m/nofp/libc_nano.a(lib_a-signalr.o)
 .debug_frame   0x000000000000209c       0x30 /Applications/STM32CubeIDE.app/Contents/Eclipse/plugins/com.st.stm32cube.ide.mcu.externaltools.gnu-tools-for-stm32.9-2020-q2-update.macos64_1.5.0.202011040924/tools/bin/../lib/gcc/arm-none-eabi/9.3.1/../../../../arm-none-eabi/lib/thumb/v7-m/nofp/libc_nano.a(lib_a-mlock.o)
 .debug_frame   0x00000000000020cc       0x5c /Applications/STM32CubeIDE.app/Contents/Eclipse/plugins/com.st.stm32cube.ide.mcu.externaltools.gnu-tools-for-stm32.9-2020-q2-update.macos64_1.5.0.202011040924/tools/bin/../lib/gcc/arm-none-eabi/9.3.1/../../../../arm-none-eabi/lib/thumb/v7-m/nofp/libc_nano.a(lib_a-reent.o)
 .debug_frame   0x0000000000002128       0xb0 /Applications/STM32CubeIDE.app/Contents/Eclipse/plugins/com.st.stm32cube.ide.mcu.externaltools.gnu-tools-for-stm32.9-2020-q2-update.macos64_1.5.0.202011040924/tools/bin/../lib/gcc/arm-none-eabi/9.3.1/../../../../arm-none-eabi/lib/thumb/v7-m/nofp/libc_nano.a(lib_a-lock.o)
